Component: ARM Compiler 5.06 update 6 (build 750) Tool: armlink [4d35ed]

==============================================================================

Section Cross References

    main.o(i.init) refers to car.o(i.Car_Init) for Car_Init
    main.o(i.main) refers to main.o(i.init) for init
    main.o(i.main) refers to main.o(i.update) for update
    main.o(i.update) refers to car.o(i.Car_Execute) for Car_Execute
    led.o(i.LED1_Off) refers to gpio.o(i.GPIO_PIN_Write) for GPIO_PIN_Write
    led.o(i.LED1_On) refers to gpio.o(i.GPIO_PIN_Write) for GPIO_PIN_Write
    led.o(i.LED2_Off) refers to gpio.o(i.GPIO_PIN_Write) for GPIO_PIN_Write
    led.o(i.LED2_On) refers to gpio.o(i.GPIO_PIN_Write) for GPIO_PIN_Write
    led.o(i.LED3_Off) refers to gpio.o(i.GPIO_PIN_Write) for GPIO_PIN_Write
    led.o(i.LED3_On) refers to gpio.o(i.GPIO_PIN_Write) for GPIO_PIN_Write
    led.o(i.LED4_Off) refers to gpio.o(i.GPIO_PIN_Write) for GPIO_PIN_Write
    led.o(i.LED4_On) refers to gpio.o(i.GPIO_PIN_Write) for GPIO_PIN_Write
    led.o(i.LEDS_Backward) refers to led.o(i.PWM_Config) for PWM_Config
    led.o(i.LEDS_Backward) refers to led.o(i.LED1_Off) for LED1_Off
    led.o(i.LEDS_Backward) refers to led.o(i.LED2_Off) for LED2_Off
    led.o(i.LEDS_Backward) refers to led.o(i.LED3_On) for LED3_On
    led.o(i.LEDS_Backward) refers to led.o(i.LED4_On) for LED4_On
    led.o(i.LEDS_Forward) refers to led.o(i.PWM_Config) for PWM_Config
    led.o(i.LEDS_Forward) refers to led.o(i.LED1_On) for LED1_On
    led.o(i.LEDS_Forward) refers to led.o(i.LED2_On) for LED2_On
    led.o(i.LEDS_Forward) refers to led.o(i.LED3_Off) for LED3_Off
    led.o(i.LEDS_Forward) refers to led.o(i.LED4_Off) for LED4_Off
    led.o(i.LEDS_Init) refers to gpio.o(i.GPIO_DIR_Write) for GPIO_DIR_Write
    led.o(i.LEDS_Left) refers to led.o(i.PWM_Config) for PWM_Config
    led.o(i.LEDS_Left) refers to led.o(i.LED1_On) for LED1_On
    led.o(i.LEDS_Left) refers to led.o(i.LED2_Off) for LED2_Off
    led.o(i.LEDS_Left) refers to led.o(i.LED3_On) for LED3_On
    led.o(i.LEDS_Left) refers to led.o(i.LED4_Off) for LED4_Off
    led.o(i.LEDS_Off) refers to led.o(i.LED1_Off) for LED1_Off
    led.o(i.LEDS_Off) refers to led.o(i.LED2_Off) for LED2_Off
    led.o(i.LEDS_Off) refers to led.o(i.LED3_Off) for LED3_Off
    led.o(i.LEDS_Off) refers to led.o(i.LED4_Off) for LED4_Off
    led.o(i.LEDS_Off) refers to led.o(i.PWM_Config) for PWM_Config
    led.o(i.LEDS_On) refers to led.o(i.LED1_On) for LED1_On
    led.o(i.LEDS_On) refers to led.o(i.LED2_On) for LED2_On
    led.o(i.LEDS_On) refers to led.o(i.LED3_On) for LED3_On
    led.o(i.LEDS_On) refers to led.o(i.LED4_On) for LED4_On
    led.o(i.LEDS_On) refers to led.o(i.PWM_Config) for PWM_Config
    led.o(i.LEDS_Right) refers to led.o(i.PWM_Config) for PWM_Config
    led.o(i.LEDS_Right) refers to led.o(i.LED1_Off) for LED1_Off
    led.o(i.LEDS_Right) refers to led.o(i.LED2_On) for LED2_On
    led.o(i.LEDS_Right) refers to led.o(i.LED3_Off) for LED3_Off
    led.o(i.LEDS_Right) refers to led.o(i.LED4_On) for LED4_On
    led.o(i.LED_Init) refers to led.o(i.LEDS_Init) for LEDS_Init
    led.o(i.LED_Init) refers to pwm.o(i.PWM_Init) for PWM_Init
    led.o(i.LED_Init) refers to led.o(i.LEDS_Off) for LEDS_Off
    led.o(i.PWM_Config) refers to pwm.o(i.PWM_Cycle_Rate) for PWM_Cycle_Rate
    led.o(i.PWM_Config) refers to pwm.o(i.PWM_Write) for PWM_Write
    motor.o(i.Motor_Backward) refers to gpio.o(i.GPIO_PIN_Write) for GPIO_PIN_Write
    motor.o(i.Motor_Backward) refers to motor.o(i.PWM_Motor_Config) for PWM_Motor_Config
    motor.o(i.Motor_Forward) refers to gpio.o(i.GPIO_PIN_Write) for GPIO_PIN_Write
    motor.o(i.Motor_Forward) refers to motor.o(i.PWM_Motor_Config) for PWM_Motor_Config
    motor.o(i.Motor_Init) refers to pwm.o(i.PWM_Init) for PWM_Init
    motor.o(i.Motor_Init) refers to gpio.o(i.GPIO_DIR_Write) for GPIO_DIR_Write
    motor.o(i.Motor_Init) refers to motor.o(i.Motor_Stop) for Motor_Stop
    motor.o(i.Motor_Left) refers to gpio.o(i.GPIO_PIN_Write) for GPIO_PIN_Write
    motor.o(i.Motor_Left) refers to motor.o(i.PWM_Motor_Config) for PWM_Motor_Config
    motor.o(i.Motor_Right) refers to gpio.o(i.GPIO_PIN_Write) for GPIO_PIN_Write
    motor.o(i.Motor_Right) refers to motor.o(i.PWM_Motor_Config) for PWM_Motor_Config
    motor.o(i.Motor_Stop) refers to gpio.o(i.GPIO_PIN_Write) for GPIO_PIN_Write
    motor.o(i.Motor_Stop) refers to motor.o(i.PWM_Motor_Config) for PWM_Motor_Config
    motor.o(i.PWM_Motor_Config) refers to pwm.o(i.PWM_Write) for PWM_Write
    car.o(i.Car_Backward) refers to led.o(i.LEDS_Backward) for LEDS_Backward
    car.o(i.Car_Backward) refers to motor.o(i.Motor_Backward) for Motor_Backward
    car.o(i.Car_Backward) refers to car.o(.data) for STATUS
    car.o(i.Car_Execute) refers to ultrasonic.o(i.Read_Distance) for Read_Distance
    car.o(i.Car_Execute) refers to ldr.o(i.Read_Left_LDR) for Read_Left_LDR
    car.o(i.Car_Execute) refers to ldr.o(i.Read_Right_LDR) for Read_Right_LDR
    car.o(i.Car_Execute) refers to potentiometer.o(i.Read_Potentiometer) for Read_Potentiometer
    car.o(i.Car_Execute) refers to car.o(i.Car_Stop) for Car_Stop
    car.o(i.Car_Execute) refers to hm10.o(i.HM10_SendCommand) for HM10_SendCommand
    car.o(i.Car_Execute) refers to car.o(i.Car_Forward) for Car_Forward
    car.o(i.Car_Execute) refers to car.o(i.Car_Backward) for Car_Backward
    car.o(i.Car_Execute) refers to car.o(i.Car_Right) for Car_Right
    car.o(i.Car_Execute) refers to car.o(i.Car_Left) for Car_Left
    car.o(i.Car_Execute) refers to strcmp.o(.text) for strcmp
    car.o(i.Car_Execute) refers to hm10.o(i.HM10_ClearBuffer) for HM10_ClearBuffer
    car.o(i.Car_Execute) refers to printf1.o(i.__0sprintf$1) for __2sprintf
    car.o(i.Car_Execute) refers to car.o(.data) for STATUS
    car.o(i.Car_Execute) refers to hm10.o(.data) for HM10NewDataAvailable
    car.o(i.Car_Execute) refers to hm10.o(.bss) for HM10Buffer
    car.o(i.Car_Execute) refers to external.o(.data) for Turn_Counter
    car.o(i.Car_Execute) refers to car.o(.conststring) for .conststring
    car.o(i.Car_Forward) refers to led.o(i.LEDS_Forward) for LEDS_Forward
    car.o(i.Car_Forward) refers to motor.o(i.Motor_Forward) for Motor_Forward
    car.o(i.Car_Forward) refers to car.o(.data) for STATUS
    car.o(i.Car_Init) refers to external.o(i.External_Init) for External_Init
    car.o(i.Car_Init) refers to hm10.o(i.HM10_Init) for HM10_Init
    car.o(i.Car_Init) refers to ldr.o(i.LDR_Init) for LDR_Init
    car.o(i.Car_Init) refers to timer.o(i.Timer_Init) for Timer_Init
    car.o(i.Car_Init) refers to potentiometer.o(i.Potentiometer_Init) for Potentiometer_Init
    car.o(i.Car_Init) refers to led.o(i.LED_Init) for LED_Init
    car.o(i.Car_Init) refers to motor.o(i.Motor_Init) for Motor_Init
    car.o(i.Car_Init) refers to ultrasonic.o(i.Ultrasonic_Init) for Ultrasonic_Init
    car.o(i.Car_Init) refers to ultrasonic.o(i.Ultrasonic_Trigger_Timer_Init) for Ultrasonic_Trigger_Timer_Init
    car.o(i.Car_Init) refers to ultrasonic.o(i.Ultrasonic_Capture_Timer_Init) for Ultrasonic_Capture_Timer_Init
    car.o(i.Car_Init) refers to ultrasonic.o(i.Ultrasonic_Start_Trigger_Timer) for Ultrasonic_Start_Trigger_Timer
    car.o(i.Car_Init) refers to car.o(.data) for STATUS
    car.o(i.Car_Left) refers to led.o(i.LEDS_Left) for LEDS_Left
    car.o(i.Car_Left) refers to car.o(i.Car_Stop) for Car_Stop
    car.o(i.Car_Left) refers to motor.o(i.Motor_Left) for Motor_Left
    car.o(i.Car_Left) refers to car.o(.data) for STATUS
    car.o(i.Car_Left) refers to external.o(.data) for Turn_Counter
    car.o(i.Car_Right) refers to led.o(i.LEDS_Right) for LEDS_Right
    car.o(i.Car_Right) refers to car.o(i.Car_Stop) for Car_Stop
    car.o(i.Car_Right) refers to motor.o(i.Motor_Right) for Motor_Right
    car.o(i.Car_Right) refers to car.o(.data) for STATUS
    car.o(i.Car_Right) refers to external.o(.data) for Turn_Counter
    car.o(i.Car_Stop) refers to led.o(i.LEDS_Off) for LEDS_Off
    car.o(i.Car_Stop) refers to motor.o(i.Motor_Stop) for Motor_Stop
    adc.o(i.ADC_GetLastValueLeft) refers to adc.o(.data) for ADC_New_Data_Available_Left
    adc.o(i.ADC_GetLastValuePotentiometer) refers to adc.o(.data) for ADC_New_Data_Available_Potentiometer
    adc.o(i.ADC_GetLastValueRight) refers to adc.o(.data) for ADC_New_Data_Available_Right
    adc.o(i.ADC_IRQHandler) refers to adc.o(.data) for ADC_Last_Left
    ldr.o(i.LDR_Init) refers to adc.o(i.ADC_Init) for ADC_Init
    ldr.o(i.LDR_Init) refers to adc.o(i.ADC_Start) for ADC_Start
    ldr.o(i.Read_Left_LDR) refers to adc.o(i.ADC_GetLastValueLeft) for ADC_GetLastValueLeft
    ldr.o(i.Read_Left_LDR) refers to adc.o(.data) for ADC_New_Data_Available_Left
    ldr.o(i.Read_Right_LDR) refers to adc.o(i.ADC_GetLastValueRight) for ADC_GetLastValueRight
    ldr.o(i.Read_Right_LDR) refers to adc.o(.data) for ADC_New_Data_Available_Right
    hm10.o(i.HM10_ClearBuffer) refers to hm10.o(.bss) for HM10Buffer
    hm10.o(i.HM10_ClearBuffer) refers to hm10.o(.data) for HM10CurrentBufferIndex
    hm10.o(i.HM10_SendCommand) refers to hm10.o(i.HM10_Write) for HM10_Write
    hm10.o(i.HM10_Write) refers to hm10.o(i.HM10_WriteData) for HM10_WriteData
    hm10.o(i.UART3_IRQHandler) refers to hm10.o(i.HM10_ReadData) for HM10_ReadData
    hm10.o(i.UART3_IRQHandler) refers to hm10.o(.bss) for HM10Buffer
    hm10.o(i.UART3_IRQHandler) refers to hm10.o(.data) for HM10CurrentBufferIndex
    external.o(i.EINT0_IRQHandler) refers to external.o(.data) for Turn_Counter
    potentiometer.o(i.Potentiometer_Init) refers to adc.o(i.ADC_Init) for ADC_Init
    potentiometer.o(i.Read_Potentiometer) refers to adc.o(i.ADC_GetLastValuePotentiometer) for ADC_GetLastValuePotentiometer
    potentiometer.o(i.Read_Potentiometer) refers to adc.o(.data) for ADC_New_Data_Available_Potentiometer
    ultrasonic.o(i.Read_Distance) refers to ultrasonic.o(.data) for Distance
    ultrasonic.o(i.TIMER2_IRQHandler) refers to ultrasonic.o(.data) for ultrasonicSensorTriggerStart
    ultrasonic.o(i.TIMER3_IRQHandler) refers to ultrasonic.o(.data) for ultrasonicSensorCaptureRisingEdge
    ultrasonic.o(i.Ultrasonic_Capture_Timer_Init) refers to ultrasonic.o(i.__NVIC_EnableIRQ) for __NVIC_EnableIRQ
    ultrasonic.o(i.Ultrasonic_Capture_Timer_Init) refers to ultrasonic.o(i.__NVIC_ClearPendingIRQ) for __NVIC_ClearPendingIRQ
    ultrasonic.o(i.Ultrasonic_Trigger_Timer_Init) refers to ultrasonic.o(i.__NVIC_EnableIRQ) for __NVIC_EnableIRQ
    ultrasonic.o(i.Ultrasonic_Trigger_Timer_Init) refers to ultrasonic.o(i.__NVIC_ClearPendingIRQ) for __NVIC_ClearPendingIRQ
    startup_lpc407x_8x_177x_8x.o(RESET) refers to startup_lpc407x_8x_177x_8x.o(STACK) for __initial_sp
    startup_lpc407x_8x_177x_8x.o(RESET) refers to startup_lpc407x_8x_177x_8x.o(.text) for Reset_Handler
    startup_lpc407x_8x_177x_8x.o(RESET) refers to ultrasonic.o(i.TIMER2_IRQHandler) for TIMER2_IRQHandler
    startup_lpc407x_8x_177x_8x.o(RESET) refers to ultrasonic.o(i.TIMER3_IRQHandler) for TIMER3_IRQHandler
    startup_lpc407x_8x_177x_8x.o(RESET) refers to hm10.o(i.UART3_IRQHandler) for UART3_IRQHandler
    startup_lpc407x_8x_177x_8x.o(RESET) refers to external.o(i.EINT0_IRQHandler) for EINT0_IRQHandler
    startup_lpc407x_8x_177x_8x.o(RESET) refers to adc.o(i.ADC_IRQHandler) for ADC_IRQHandler
    startup_lpc407x_8x_177x_8x.o(.text) refers to system_lpc407x_8x_177x_8x.o(i.SystemInit) for SystemInit
    startup_lpc407x_8x_177x_8x.o(.text) refers to entry.o(.ARM.Collect$$$$00000000) for __main
    system_lpc407x_8x_177x_8x.o(i.SystemCoreClockUpdate) refers to system_lpc407x_8x_177x_8x.o(.data) for SystemCoreClock
    system_lpc407x_8x_177x_8x.o(i.SystemInit) refers to system_lpc407x_8x_177x_8x.o(i.fpu_init) for fpu_init
    system_lpc407x_8x_177x_8x.o(i.SystemInit) refers to system_lpc407x_8x_177x_8x.o(i.SystemCoreClockUpdate) for SystemCoreClockUpdate
    entry.o(.ARM.Collect$$$$00000000) refers (Special) to entry10a.o(.ARM.Collect$$$$0000000D) for __rt_final_cpp
    entry.o(.ARM.Collect$$$$00000000) refers (Special) to entry11a.o(.ARM.Collect$$$$0000000F) for __rt_final_exit
    entry.o(.ARM.Collect$$$$00000000) refers (Special) to entry7b.o(.ARM.Collect$$$$00000008) for _main_clock
    entry.o(.ARM.Collect$$$$00000000) refers (Special) to entry8b.o(.ARM.Collect$$$$0000000A) for _main_cpp_init
    entry.o(.ARM.Collect$$$$00000000) refers (Special) to entry9a.o(.ARM.Collect$$$$0000000B) for _main_init
    entry.o(.ARM.Collect$$$$00000000) refers (Special) to entry5.o(.ARM.Collect$$$$00000004) for _main_scatterload
    entry.o(.ARM.Collect$$$$00000000) refers (Special) to entry2.o(.ARM.Collect$$$$00000001) for _main_stk
    printfb.o(i.__0fprintf$bare) refers to printfb.o(i._printf_core) for _printf_core
    printfb.o(i.__0fprintf$bare) refers to fputc.o(i.fputc) for fputc
    printfb.o(i.__0printf$bare) refers to printfb.o(i._printf_core) for _printf_core
    printfb.o(i.__0printf$bare) refers to fputc.o(i.fputc) for fputc
    printfb.o(i.__0printf$bare) refers to stdout.o(.data) for __stdout
    printfb.o(i.__0snprintf$bare) refers to printfb.o(i._printf_core) for _printf_core
    printfb.o(i.__0snprintf$bare) refers to printfb.o(i._snputc) for _snputc
    printfb.o(i.__0sprintf$bare) refers to printfb.o(i._printf_core) for _printf_core
    printfb.o(i.__0sprintf$bare) refers to printfb.o(i._sputc) for _sputc
    printfb.o(i.__0vfprintf$bare) refers to printfb.o(i._printf_core) for _printf_core
    printfb.o(i.__0vfprintf$bare) refers to fputc.o(i.fputc) for fputc
    printfb.o(i.__0vprintf$bare) refers to printfb.o(i._printf_core) for _printf_core
    printfb.o(i.__0vprintf$bare) refers to fputc.o(i.fputc) for fputc
    printfb.o(i.__0vprintf$bare) refers to stdout.o(.data) for __stdout
    printfb.o(i.__0vsnprintf$bare) refers to printfb.o(i._printf_core) for _printf_core
    printfb.o(i.__0vsnprintf$bare) refers to printfb.o(i._snputc) for _snputc
    printfb.o(i.__0vsprintf$bare) refers to printfb.o(i._printf_core) for _printf_core
    printfb.o(i.__0vsprintf$bare) refers to printfb.o(i._sputc) for _sputc
    printf0.o(i.__0fprintf$0) refers to printf0.o(i._printf_core) for _printf_core
    printf0.o(i.__0fprintf$0) refers to fputc.o(i.fputc) for fputc
    printf0.o(i.__0printf$0) refers to printf0.o(i._printf_core) for _printf_core
    printf0.o(i.__0printf$0) refers to fputc.o(i.fputc) for fputc
    printf0.o(i.__0printf$0) refers to stdout.o(.data) for __stdout
    printf0.o(i.__0snprintf$0) refers to printf0.o(i._printf_core) for _printf_core
    printf0.o(i.__0snprintf$0) refers to printf0.o(i._snputc) for _snputc
    printf0.o(i.__0sprintf$0) refers to printf0.o(i._printf_core) for _printf_core
    printf0.o(i.__0sprintf$0) refers to printf0.o(i._sputc) for _sputc
    printf0.o(i.__0vfprintf$0) refers to printf0.o(i._printf_core) for _printf_core
    printf0.o(i.__0vfprintf$0) refers to fputc.o(i.fputc) for fputc
    printf0.o(i.__0vprintf$0) refers to printf0.o(i._printf_core) for _printf_core
    printf0.o(i.__0vprintf$0) refers to fputc.o(i.fputc) for fputc
    printf0.o(i.__0vprintf$0) refers to stdout.o(.data) for __stdout
    printf0.o(i.__0vsnprintf$0) refers to printf0.o(i._printf_core) for _printf_core
    printf0.o(i.__0vsnprintf$0) refers to printf0.o(i._snputc) for _snputc
    printf0.o(i.__0vsprintf$0) refers to printf0.o(i._printf_core) for _printf_core
    printf0.o(i.__0vsprintf$0) refers to printf0.o(i._sputc) for _sputc
    printf1.o(i.__0fprintf$1) refers to printf1.o(i._printf_core) for _printf_core
    printf1.o(i.__0fprintf$1) refers to fputc.o(i.fputc) for fputc
    printf1.o(i.__0printf$1) refers to printf1.o(i._printf_core) for _printf_core
    printf1.o(i.__0printf$1) refers to fputc.o(i.fputc) for fputc
    printf1.o(i.__0printf$1) refers to stdout.o(.data) for __stdout
    printf1.o(i.__0snprintf$1) refers to printf1.o(i._printf_core) for _printf_core
    printf1.o(i.__0snprintf$1) refers to printf1.o(i._snputc) for _snputc
    printf1.o(i.__0sprintf$1) refers to printf1.o(i._printf_core) for _printf_core
    printf1.o(i.__0sprintf$1) refers to printf1.o(i._sputc) for _sputc
    printf1.o(i.__0vfprintf$1) refers to printf1.o(i._printf_core) for _printf_core
    printf1.o(i.__0vfprintf$1) refers to fputc.o(i.fputc) for fputc
    printf1.o(i.__0vprintf$1) refers to printf1.o(i._printf_core) for _printf_core
    printf1.o(i.__0vprintf$1) refers to fputc.o(i.fputc) for fputc
    printf1.o(i.__0vprintf$1) refers to stdout.o(.data) for __stdout
    printf1.o(i.__0vsnprintf$1) refers to printf1.o(i._printf_core) for _printf_core
    printf1.o(i.__0vsnprintf$1) refers to printf1.o(i._snputc) for _snputc
    printf1.o(i.__0vsprintf$1) refers to printf1.o(i._printf_core) for _printf_core
    printf1.o(i.__0vsprintf$1) refers to printf1.o(i._sputc) for _sputc
    printf1.o(i._printf_core) refers to uidiv.o(.text) for __aeabi_uidivmod
    printf2.o(i.__0fprintf$2) refers to printf2.o(i._printf_core) for _printf_core
    printf2.o(i.__0fprintf$2) refers to fputc.o(i.fputc) for fputc
    printf2.o(i.__0printf$2) refers to printf2.o(i._printf_core) for _printf_core
    printf2.o(i.__0printf$2) refers to fputc.o(i.fputc) for fputc
    printf2.o(i.__0printf$2) refers to stdout.o(.data) for __stdout
    printf2.o(i.__0snprintf$2) refers to printf2.o(i._printf_core) for _printf_core
    printf2.o(i.__0snprintf$2) refers to printf2.o(i._snputc) for _snputc
    printf2.o(i.__0sprintf$2) refers to printf2.o(i._printf_core) for _printf_core
    printf2.o(i.__0sprintf$2) refers to printf2.o(i._sputc) for _sputc
    printf2.o(i.__0vfprintf$2) refers to printf2.o(i._printf_core) for _printf_core
    printf2.o(i.__0vfprintf$2) refers to fputc.o(i.fputc) for fputc
    printf2.o(i.__0vprintf$2) refers to printf2.o(i._printf_core) for _printf_core
    printf2.o(i.__0vprintf$2) refers to fputc.o(i.fputc) for fputc
    printf2.o(i.__0vprintf$2) refers to stdout.o(.data) for __stdout
    printf2.o(i.__0vsnprintf$2) refers to printf2.o(i._printf_core) for _printf_core
    printf2.o(i.__0vsnprintf$2) refers to printf2.o(i._snputc) for _snputc
    printf2.o(i.__0vsprintf$2) refers to printf2.o(i._printf_core) for _printf_core
    printf2.o(i.__0vsprintf$2) refers to printf2.o(i._sputc) for _sputc
    printf3.o(i.__0fprintf$3) refers to printf3.o(i._printf_core) for _printf_core
    printf3.o(i.__0fprintf$3) refers to fputc.o(i.fputc) for fputc
    printf3.o(i.__0printf$3) refers to printf3.o(i._printf_core) for _printf_core
    printf3.o(i.__0printf$3) refers to fputc.o(i.fputc) for fputc
    printf3.o(i.__0printf$3) refers to stdout.o(.data) for __stdout
    printf3.o(i.__0snprintf$3) refers to printf3.o(i._printf_core) for _printf_core
    printf3.o(i.__0snprintf$3) refers to printf3.o(i._snputc) for _snputc
    printf3.o(i.__0sprintf$3) refers to printf3.o(i._printf_core) for _printf_core
    printf3.o(i.__0sprintf$3) refers to printf3.o(i._sputc) for _sputc
    printf3.o(i.__0vfprintf$3) refers to printf3.o(i._printf_core) for _printf_core
    printf3.o(i.__0vfprintf$3) refers to fputc.o(i.fputc) for fputc
    printf3.o(i.__0vprintf$3) refers to printf3.o(i._printf_core) for _printf_core
    printf3.o(i.__0vprintf$3) refers to fputc.o(i.fputc) for fputc
    printf3.o(i.__0vprintf$3) refers to stdout.o(.data) for __stdout
    printf3.o(i.__0vsnprintf$3) refers to printf3.o(i._printf_core) for _printf_core
    printf3.o(i.__0vsnprintf$3) refers to printf3.o(i._snputc) for _snputc
    printf3.o(i.__0vsprintf$3) refers to printf3.o(i._printf_core) for _printf_core
    printf3.o(i.__0vsprintf$3) refers to printf3.o(i._sputc) for _sputc
    printf3.o(i._printf_core) refers to uidiv.o(.text) for __aeabi_uidivmod
    printf4.o(i.__0fprintf$4) refers to printf4.o(i._printf_core) for _printf_core
    printf4.o(i.__0fprintf$4) refers to fputc.o(i.fputc) for fputc
    printf4.o(i.__0printf$4) refers to printf4.o(i._printf_core) for _printf_core
    printf4.o(i.__0printf$4) refers to fputc.o(i.fputc) for fputc
    printf4.o(i.__0printf$4) refers to stdout.o(.data) for __stdout
    printf4.o(i.__0snprintf$4) refers to printf4.o(i._printf_core) for _printf_core
    printf4.o(i.__0snprintf$4) refers to printf4.o(i._snputc) for _snputc
    printf4.o(i.__0sprintf$4) refers to printf4.o(i._printf_core) for _printf_core
    printf4.o(i.__0sprintf$4) refers to printf4.o(i._sputc) for _sputc
    printf4.o(i.__0vfprintf$4) refers to printf4.o(i._printf_core) for _printf_core
    printf4.o(i.__0vfprintf$4) refers to fputc.o(i.fputc) for fputc
    printf4.o(i.__0vprintf$4) refers to printf4.o(i._printf_core) for _printf_core
    printf4.o(i.__0vprintf$4) refers to fputc.o(i.fputc) for fputc
    printf4.o(i.__0vprintf$4) refers to stdout.o(.data) for __stdout
    printf4.o(i.__0vsnprintf$4) refers to printf4.o(i._printf_core) for _printf_core
    printf4.o(i.__0vsnprintf$4) refers to printf4.o(i._snputc) for _snputc
    printf4.o(i.__0vsprintf$4) refers to printf4.o(i._printf_core) for _printf_core
    printf4.o(i.__0vsprintf$4) refers to printf4.o(i._sputc) for _sputc
    printf4.o(i._printf_core) refers to uldiv.o(.text) for __aeabi_uldivmod
    printf5.o(i.__0fprintf$5) refers to printf5.o(i._printf_core) for _printf_core
    printf5.o(i.__0fprintf$5) refers to fputc.o(i.fputc) for fputc
    printf5.o(i.__0printf$5) refers to printf5.o(i._printf_core) for _printf_core
    printf5.o(i.__0printf$5) refers to fputc.o(i.fputc) for fputc
    printf5.o(i.__0printf$5) refers to stdout.o(.data) for __stdout
    printf5.o(i.__0snprintf$5) refers to printf5.o(i._printf_core) for _printf_core
    printf5.o(i.__0snprintf$5) refers to printf5.o(i._snputc) for _snputc
    printf5.o(i.__0sprintf$5) refers to printf5.o(i._printf_core) for _printf_core
    printf5.o(i.__0sprintf$5) refers to printf5.o(i._sputc) for _sputc
    printf5.o(i.__0vfprintf$5) refers to printf5.o(i._printf_core) for _printf_core
    printf5.o(i.__0vfprintf$5) refers to fputc.o(i.fputc) for fputc
    printf5.o(i.__0vprintf$5) refers to printf5.o(i._printf_core) for _printf_core
    printf5.o(i.__0vprintf$5) refers to fputc.o(i.fputc) for fputc
    printf5.o(i.__0vprintf$5) refers to stdout.o(.data) for __stdout
    printf5.o(i.__0vsnprintf$5) refers to printf5.o(i._printf_core) for _printf_core
    printf5.o(i.__0vsnprintf$5) refers to printf5.o(i._snputc) for _snputc
    printf5.o(i.__0vsprintf$5) refers to printf5.o(i._printf_core) for _printf_core
    printf5.o(i.__0vsprintf$5) refers to printf5.o(i._sputc) for _sputc
    printf5.o(i._printf_core) refers to uldiv.o(.text) for __aeabi_uldivmod
    printf6.o(i.__0fprintf$6) refers to printf6.o(i._printf_core) for _printf_core
    printf6.o(i.__0fprintf$6) refers to fputc.o(i.fputc) for fputc
    printf6.o(i.__0printf$6) refers to printf6.o(i._printf_core) for _printf_core
    printf6.o(i.__0printf$6) refers to fputc.o(i.fputc) for fputc
    printf6.o(i.__0printf$6) refers to stdout.o(.data) for __stdout
    printf6.o(i.__0snprintf$6) refers to printf6.o(i._printf_core) for _printf_core
    printf6.o(i.__0snprintf$6) refers to printf6.o(i._snputc) for _snputc
    printf6.o(i.__0sprintf$6) refers to printf6.o(i._printf_core) for _printf_core
    printf6.o(i.__0sprintf$6) refers to printf6.o(i._sputc) for _sputc
    printf6.o(i.__0vfprintf$6) refers to printf6.o(i._printf_core) for _printf_core
    printf6.o(i.__0vfprintf$6) refers to fputc.o(i.fputc) for fputc
    printf6.o(i.__0vprintf$6) refers to printf6.o(i._printf_core) for _printf_core
    printf6.o(i.__0vprintf$6) refers to fputc.o(i.fputc) for fputc
    printf6.o(i.__0vprintf$6) refers to stdout.o(.data) for __stdout
    printf6.o(i.__0vsnprintf$6) refers to printf6.o(i._printf_core) for _printf_core
    printf6.o(i.__0vsnprintf$6) refers to printf6.o(i._snputc) for _snputc
    printf6.o(i.__0vsprintf$6) refers to printf6.o(i._printf_core) for _printf_core
    printf6.o(i.__0vsprintf$6) refers to printf6.o(i._sputc) for _sputc
    printf6.o(i._printf_core) refers to printf6.o(i._printf_pre_padding) for _printf_pre_padding
    printf6.o(i._printf_core) refers to uidiv.o(.text) for __aeabi_uidivmod
    printf6.o(i._printf_core) refers to printf6.o(i._printf_post_padding) for _printf_post_padding
    printf7.o(i.__0fprintf$7) refers to printf7.o(i._printf_core) for _printf_core
    printf7.o(i.__0fprintf$7) refers to fputc.o(i.fputc) for fputc
    printf7.o(i.__0printf$7) refers to printf7.o(i._printf_core) for _printf_core
    printf7.o(i.__0printf$7) refers to fputc.o(i.fputc) for fputc
    printf7.o(i.__0printf$7) refers to stdout.o(.data) for __stdout
    printf7.o(i.__0snprintf$7) refers to printf7.o(i._printf_core) for _printf_core
    printf7.o(i.__0snprintf$7) refers to printf7.o(i._snputc) for _snputc
    printf7.o(i.__0sprintf$7) refers to printf7.o(i._printf_core) for _printf_core
    printf7.o(i.__0sprintf$7) refers to printf7.o(i._sputc) for _sputc
    printf7.o(i.__0vfprintf$7) refers to printf7.o(i._printf_core) for _printf_core
    printf7.o(i.__0vfprintf$7) refers to fputc.o(i.fputc) for fputc
    printf7.o(i.__0vprintf$7) refers to printf7.o(i._printf_core) for _printf_core
    printf7.o(i.__0vprintf$7) refers to fputc.o(i.fputc) for fputc
    printf7.o(i.__0vprintf$7) refers to stdout.o(.data) for __stdout
    printf7.o(i.__0vsnprintf$7) refers to printf7.o(i._printf_core) for _printf_core
    printf7.o(i.__0vsnprintf$7) refers to printf7.o(i._snputc) for _snputc
    printf7.o(i.__0vsprintf$7) refers to printf7.o(i._printf_core) for _printf_core
    printf7.o(i.__0vsprintf$7) refers to printf7.o(i._sputc) for _sputc
    printf7.o(i._printf_core) refers to printf7.o(i._printf_pre_padding) for _printf_pre_padding
    printf7.o(i._printf_core) refers to uldiv.o(.text) for __aeabi_uldivmod
    printf7.o(i._printf_core) refers to printf7.o(i._printf_post_padding) for _printf_post_padding
    printf8.o(i.__0fprintf$8) refers to printf8.o(i._printf_core) for _printf_core
    printf8.o(i.__0fprintf$8) refers to fputc.o(i.fputc) for fputc
    printf8.o(i.__0printf$8) refers to printf8.o(i._printf_core) for _printf_core
    printf8.o(i.__0printf$8) refers to fputc.o(i.fputc) for fputc
    printf8.o(i.__0printf$8) refers to stdout.o(.data) for __stdout
    printf8.o(i.__0snprintf$8) refers to printf8.o(i._printf_core) for _printf_core
    printf8.o(i.__0snprintf$8) refers to printf8.o(i._snputc) for _snputc
    printf8.o(i.__0sprintf$8) refers to printf8.o(i._printf_core) for _printf_core
    printf8.o(i.__0sprintf$8) refers to printf8.o(i._sputc) for _sputc
    printf8.o(i.__0vfprintf$8) refers to printf8.o(i._printf_core) for _printf_core
    printf8.o(i.__0vfprintf$8) refers to fputc.o(i.fputc) for fputc
    printf8.o(i.__0vprintf$8) refers to printf8.o(i._printf_core) for _printf_core
    printf8.o(i.__0vprintf$8) refers to fputc.o(i.fputc) for fputc
    printf8.o(i.__0vprintf$8) refers to stdout.o(.data) for __stdout
    printf8.o(i.__0vsnprintf$8) refers to printf8.o(i._printf_core) for _printf_core
    printf8.o(i.__0vsnprintf$8) refers to printf8.o(i._snputc) for _snputc
    printf8.o(i.__0vsprintf$8) refers to printf8.o(i._printf_core) for _printf_core
    printf8.o(i.__0vsprintf$8) refers to printf8.o(i._sputc) for _sputc
    printf8.o(i._printf_core) refers to printf8.o(i._printf_pre_padding) for _printf_pre_padding
    printf8.o(i._printf_core) refers to uldiv.o(.text) for __aeabi_uldivmod
    printf8.o(i._printf_core) refers to printf8.o(i._printf_post_padding) for _printf_post_padding
    printfa.o(i.__0fprintf) refers (Special) to iusefp.o(.text) for __I$use$fp
    printfa.o(i.__0fprintf) refers to printfa.o(i._printf_core) for _printf_core
    printfa.o(i.__0fprintf) refers to fputc.o(i.fputc) for fputc
    printfa.o(i.__0printf) refers (Special) to iusefp.o(.text) for __I$use$fp
    printfa.o(i.__0printf) refers to printfa.o(i._printf_core) for _printf_core
    printfa.o(i.__0printf) refers to fputc.o(i.fputc) for fputc
    printfa.o(i.__0printf) refers to stdout.o(.data) for __stdout
    printfa.o(i.__0snprintf) refers (Special) to iusefp.o(.text) for __I$use$fp
    printfa.o(i.__0snprintf) refers to printfa.o(i._printf_core) for _printf_core
    printfa.o(i.__0snprintf) refers to printfa.o(i._snputc) for _snputc
    printfa.o(i.__0sprintf) refers (Special) to iusefp.o(.text) for __I$use$fp
    printfa.o(i.__0sprintf) refers to printfa.o(i._printf_core) for _printf_core
    printfa.o(i.__0sprintf) refers to printfa.o(i._sputc) for _sputc
    printfa.o(i.__0vfprintf) refers (Special) to iusefp.o(.text) for __I$use$fp
    printfa.o(i.__0vfprintf) refers to printfa.o(i._printf_core) for _printf_core
    printfa.o(i.__0vfprintf) refers to fputc.o(i.fputc) for fputc
    printfa.o(i.__0vprintf) refers (Special) to iusefp.o(.text) for __I$use$fp
    printfa.o(i.__0vprintf) refers to printfa.o(i._printf_core) for _printf_core
    printfa.o(i.__0vprintf) refers to fputc.o(i.fputc) for fputc
    printfa.o(i.__0vprintf) refers to stdout.o(.data) for __stdout
    printfa.o(i.__0vsnprintf) refers (Special) to iusefp.o(.text) for __I$use$fp
    printfa.o(i.__0vsnprintf) refers to printfa.o(i._printf_core) for _printf_core
    printfa.o(i.__0vsnprintf) refers to printfa.o(i._snputc) for _snputc
    printfa.o(i.__0vsprintf) refers (Special) to iusefp.o(.text) for __I$use$fp
    printfa.o(i.__0vsprintf) refers to printfa.o(i._printf_core) for _printf_core
    printfa.o(i.__0vsprintf) refers to printfa.o(i._sputc) for _sputc
    printfa.o(i._fp_digits) refers (Special) to iusefp.o(.text) for __I$use$fp
    printfa.o(i._fp_digits) refers to dmul.o(.text) for __aeabi_dmul
    printfa.o(i._fp_digits) refers to ddiv.o(.text) for __aeabi_ddiv
    printfa.o(i._fp_digits) refers to cdrcmple.o(.text) for __aeabi_cdrcmple
    printfa.o(i._fp_digits) refers to dadd.o(.text) for __aeabi_dadd
    printfa.o(i._fp_digits) refers to dfixul.o(.text) for __aeabi_d2ulz
    printfa.o(i._fp_digits) refers to uldiv.o(.text) for __aeabi_uldivmod
    printfa.o(i._printf_core) refers (Special) to iusefp.o(.text) for __I$use$fp
    printfa.o(i._printf_core) refers to printfa.o(i._printf_pre_padding) for _printf_pre_padding
    printfa.o(i._printf_core) refers to uldiv.o(.text) for __aeabi_uldivmod
    printfa.o(i._printf_core) refers to printfa.o(i._printf_post_padding) for _printf_post_padding
    printfa.o(i._printf_core) refers to printfa.o(i._fp_digits) for _fp_digits
    printfa.o(i._printf_core) refers to uidiv.o(.text) for __aeabi_uidivmod
    printfa.o(i._printf_post_padding) refers (Special) to iusefp.o(.text) for __I$use$fp
    printfa.o(i._printf_pre_padding) refers (Special) to iusefp.o(.text) for __I$use$fp
    printfa.o(i._snputc) refers (Special) to iusefp.o(.text) for __I$use$fp
    printfa.o(i._sputc) refers (Special) to iusefp.o(.text) for __I$use$fp
    entry2.o(.ARM.Collect$$$$00000001) refers to entry2.o(.ARM.Collect$$$$00002712) for __lit__00000000
    entry2.o(.ARM.Collect$$$$00002712) refers to startup_lpc407x_8x_177x_8x.o(STACK) for __initial_sp
    entry2.o(__vectab_stack_and_reset_area) refers to startup_lpc407x_8x_177x_8x.o(STACK) for __initial_sp
    entry2.o(__vectab_stack_and_reset_area) refers to entry.o(.ARM.Collect$$$$00000000) for __main
    entry5.o(.ARM.Collect$$$$00000004) refers to init.o(.text) for __scatterload
    entry9a.o(.ARM.Collect$$$$0000000B) refers to main.o(i.main) for main
    entry9b.o(.ARM.Collect$$$$0000000C) refers to main.o(i.main) for main
    fputc.o(i.fputc) refers (Special) to iusesemip.o(.text) for __I$use$semihosting$fputc
    fputc.o(i.fputc) refers (Special) to semi.o(.text) for __semihosting_library_function
    uldiv.o(.text) refers to llushr.o(.text) for __aeabi_llsr
    uldiv.o(.text) refers to llshl.o(.text) for __aeabi_llsl
    dadd.o(.text) refers to llshl.o(.text) for __aeabi_llsl
    dadd.o(.text) refers to llsshr.o(.text) for __aeabi_lasr
    dadd.o(.text) refers to depilogue.o(.text) for _double_epilogue
    dmul.o(.text) refers to depilogue.o(.text) for _double_epilogue
    ddiv.o(.text) refers to depilogue.o(.text) for _double_round
    dfixul.o(.text) refers to llushr.o(.text) for __aeabi_llsr
    dfixul.o(.text) refers to llshl.o(.text) for __aeabi_llsl
    init.o(.text) refers to entry5.o(.ARM.Collect$$$$00000004) for __main_after_scatterload
    depilogue.o(.text) refers to llshl.o(.text) for __aeabi_llsl
    depilogue.o(.text) refers to llushr.o(.text) for __aeabi_llsr


==============================================================================

Removing Unused input sections from the image.

    Removing main.o(.rev16_text), (4 bytes).
    Removing main.o(.revsh_text), (4 bytes).
    Removing main.o(.rrx_text), (6 bytes).
    Removing gpio.o(.rev16_text), (4 bytes).
    Removing gpio.o(.revsh_text), (4 bytes).
    Removing gpio.o(.rrx_text), (6 bytes).
    Removing wait.o(.rev16_text), (4 bytes).
    Removing wait.o(.revsh_text), (4 bytes).
    Removing wait.o(.rrx_text), (6 bytes).
    Removing wait.o(i.wait), (20 bytes).
    Removing wait.o(i.waitMicroseconds), (18 bytes).
    Removing timer.o(.rev16_text), (4 bytes).
    Removing timer.o(.revsh_text), (4 bytes).
    Removing timer.o(.rrx_text), (6 bytes).
    Removing led.o(.rev16_text), (4 bytes).
    Removing led.o(.revsh_text), (4 bytes).
    Removing led.o(.rrx_text), (6 bytes).
    Removing led.o(i.LEDS_On), (28 bytes).
    Removing pwm.o(.rev16_text), (4 bytes).
    Removing pwm.o(.revsh_text), (4 bytes).
    Removing pwm.o(.rrx_text), (6 bytes).
    Removing motor.o(.rev16_text), (4 bytes).
    Removing motor.o(.revsh_text), (4 bytes).
    Removing motor.o(.rrx_text), (6 bytes).
    Removing car.o(.rev16_text), (4 bytes).
    Removing car.o(.revsh_text), (4 bytes).
    Removing car.o(.rrx_text), (6 bytes).
    Removing adc.o(.rev16_text), (4 bytes).
    Removing adc.o(.revsh_text), (4 bytes).
    Removing adc.o(.rrx_text), (6 bytes).
    Removing ldr.o(.rev16_text), (4 bytes).
    Removing ldr.o(.revsh_text), (4 bytes).
    Removing ldr.o(.rrx_text), (6 bytes).
    Removing hm10.o(.rev16_text), (4 bytes).
    Removing hm10.o(.revsh_text), (4 bytes).
    Removing hm10.o(.rrx_text), (6 bytes).
    Removing external.o(.rev16_text), (4 bytes).
    Removing external.o(.revsh_text), (4 bytes).
    Removing external.o(.rrx_text), (6 bytes).
    Removing potentiometer.o(.rev16_text), (4 bytes).
    Removing potentiometer.o(.revsh_text), (4 bytes).
    Removing potentiometer.o(.rrx_text), (6 bytes).
    Removing ultrasonic.o(.rev16_text), (4 bytes).
    Removing ultrasonic.o(.revsh_text), (4 bytes).
    Removing ultrasonic.o(.rrx_text), (6 bytes).
    Removing startup_lpc407x_8x_177x_8x.o(HEAP), (0 bytes).
    Removing system_lpc407x_8x_177x_8x.o(.rev16_text), (4 bytes).
    Removing system_lpc407x_8x_177x_8x.o(.revsh_text), (4 bytes).
    Removing system_lpc407x_8x_177x_8x.o(.rrx_text), (6 bytes).
    Removing dadd.o(.text), (334 bytes).
    Removing dmul.o(.text), (228 bytes).
    Removing ddiv.o(.text), (222 bytes).
    Removing dfixul.o(.text), (48 bytes).
    Removing cdrcmple.o(.text), (48 bytes).
    Removing depilogue.o(.text), (186 bytes).

55 unused section(s) (total 1342 bytes) removed from the image.

==============================================================================

Image Symbol Table

    Local Symbols

    Symbol Name                              Value     Ov Type        Size  Object(Section)

    RESET                                    0x00000000   Section      228  startup_lpc407x_8x_177x_8x.o(RESET)
    ../clib/microlib/division.c              0x00000000   Number         0  uldiv.o ABSOLUTE
    ../clib/microlib/division.c              0x00000000   Number         0  uidiv.o ABSOLUTE
    ../clib/microlib/init/entry.s            0x00000000   Number         0  entry9a.o ABSOLUTE
    ../clib/microlib/init/entry.s            0x00000000   Number         0  entry7b.o ABSOLUTE
    ../clib/microlib/init/entry.s            0x00000000   Number         0  entry7a.o ABSOLUTE
    ../clib/microlib/init/entry.s            0x00000000   Number         0  entry8b.o ABSOLUTE
    ../clib/microlib/init/entry.s            0x00000000   Number         0  entry8a.o ABSOLUTE
    ../clib/microlib/init/entry.s            0x00000000   Number         0  entry2.o ABSOLUTE
    ../clib/microlib/init/entry.s            0x00000000   Number         0  entry.o ABSOLUTE
    ../clib/microlib/init/entry.s            0x00000000   Number         0  entry11b.o ABSOLUTE
    ../clib/microlib/init/entry.s            0x00000000   Number         0  entry11a.o ABSOLUTE
    ../clib/microlib/init/entry.s            0x00000000   Number         0  entry10a.o ABSOLUTE
    ../clib/microlib/init/entry.s            0x00000000   Number         0  entry10b.o ABSOLUTE
    ../clib/microlib/init/entry.s            0x00000000   Number         0  entry9b.o ABSOLUTE
    ../clib/microlib/init/entry.s            0x00000000   Number         0  entry5.o ABSOLUTE
    ../clib/microlib/longlong.c              0x00000000   Number         0  llushr.o ABSOLUTE
    ../clib/microlib/longlong.c              0x00000000   Number         0  llshl.o ABSOLUTE
    ../clib/microlib/longlong.c              0x00000000   Number         0  llsshr.o ABSOLUTE
    ../clib/microlib/printf/printf.c         0x00000000   Number         0  printf7.o ABSOLUTE
    ../clib/microlib/printf/printf.c         0x00000000   Number         0  printf0.o ABSOLUTE
    ../clib/microlib/printf/printf.c         0x00000000   Number         0  printfb.o ABSOLUTE
    ../clib/microlib/printf/printf.c         0x00000000   Number         0  printf6.o ABSOLUTE
    ../clib/microlib/printf/printf.c         0x00000000   Number         0  printf2.o ABSOLUTE
    ../clib/microlib/printf/printf.c         0x00000000   Number         0  printf5.o ABSOLUTE
    ../clib/microlib/printf/printf.c         0x00000000   Number         0  printf4.o ABSOLUTE
    ../clib/microlib/printf/printf.c         0x00000000   Number         0  printf3.o ABSOLUTE
    ../clib/microlib/printf/printf.c         0x00000000   Number         0  printfa.o ABSOLUTE
    ../clib/microlib/printf/printf.c         0x00000000   Number         0  printf8.o ABSOLUTE
    ../clib/microlib/printf/printf.c         0x00000000   Number         0  printf1.o ABSOLUTE
    ../clib/microlib/printf/stubs.s          0x00000000   Number         0  stubs.o ABSOLUTE
    ../clib/microlib/stdio/fputc.c           0x00000000   Number         0  fputc.o ABSOLUTE
    ../clib/microlib/stdio/semi.s            0x00000000   Number         0  semi.o ABSOLUTE
    ../clib/microlib/stdio/streams.c         0x00000000   Number         0  stdout.o ABSOLUTE
    ../clib/microlib/string/strcmp.c         0x00000000   Number         0  strcmp.o ABSOLUTE
    ../clib/microlib/stubs.s                 0x00000000   Number         0  iusefp.o ABSOLUTE
    ../clib/microlib/stubs.s                 0x00000000   Number         0  iusesemip.o ABSOLUTE
    ../fplib/microlib/fpadd.c                0x00000000   Number         0  dadd.o ABSOLUTE
    ../fplib/microlib/fpdiv.c                0x00000000   Number         0  ddiv.o ABSOLUTE
    ../fplib/microlib/fpepilogue.c           0x00000000   Number         0  depilogue.o ABSOLUTE
    ../fplib/microlib/fpfix.c                0x00000000   Number         0  dfixul.o ABSOLUTE
    ../fplib/microlib/fpmul.c                0x00000000   Number         0  dmul.o ABSOLUTE
    ADC.c                                    0x00000000   Number         0  adc.o ABSOLUTE
    ADC.c                                    0x00000000   Number         0  adc.o ABSOLUTE
    Car.c                                    0x00000000   Number         0  car.o ABSOLUTE
    Car.c                                    0x00000000   Number         0  car.o ABSOLUTE
    External.c                               0x00000000   Number         0  external.o ABSOLUTE
    External.c                               0x00000000   Number         0  external.o ABSOLUTE
    HM10.c                                   0x00000000   Number         0  hm10.o ABSOLUTE
    HM10.c                                   0x00000000   Number         0  hm10.o ABSOLUTE
    LDR.c                                    0x00000000   Number         0  ldr.o ABSOLUTE
    LDR.c                                    0x00000000   Number         0  ldr.o ABSOLUTE
    Led.c                                    0x00000000   Number         0  led.o ABSOLUTE
    Led.c                                    0x00000000   Number         0  led.o ABSOLUTE
    Library\GPIO.c                           0x00000000   Number         0  gpio.o ABSOLUTE
    Library\Timer.c                          0x00000000   Number         0  timer.o ABSOLUTE
    Library\Wait.c                           0x00000000   Number         0  wait.o ABSOLUTE
    Library\\GPIO.c                          0x00000000   Number         0  gpio.o ABSOLUTE
    Library\\Timer.c                         0x00000000   Number         0  timer.o ABSOLUTE
    Library\\Wait.c                          0x00000000   Number         0  wait.o ABSOLUTE
    Motor.c                                  0x00000000   Number         0  motor.o ABSOLUTE
    Motor.c                                  0x00000000   Number         0  motor.o ABSOLUTE
    PWM.c                                    0x00000000   Number         0  pwm.o ABSOLUTE
    PWM.c                                    0x00000000   Number         0  pwm.o ABSOLUTE
    Potentiometer.c                          0x00000000   Number         0  potentiometer.o ABSOLUTE
    Potentiometer.c                          0x00000000   Number         0  potentiometer.o ABSOLUTE
    RTE\Device\LPC4088FET208\startup_LPC407x_8x_177x_8x.s 0x00000000   Number         0  startup_lpc407x_8x_177x_8x.o ABSOLUTE
    RTE\Device\LPC4088FET208\system_LPC407x_8x_177x_8x.c 0x00000000   Number         0  system_lpc407x_8x_177x_8x.o ABSOLUTE
    RTE\\Device\\LPC4088FET208\\system_LPC407x_8x_177x_8x.c 0x00000000   Number         0  system_lpc407x_8x_177x_8x.o ABSOLUTE
    Ultrasonic.c                             0x00000000   Number         0  ultrasonic.o ABSOLUTE
    Ultrasonic.c                             0x00000000   Number         0  ultrasonic.o ABSOLUTE
    cdrcmple.s                               0x00000000   Number         0  cdrcmple.o ABSOLUTE
    dc.s                                     0x00000000   Number         0  dc.o ABSOLUTE
    handlers.s                               0x00000000   Number         0  handlers.o ABSOLUTE
    init.s                                   0x00000000   Number         0  init.o ABSOLUTE
    main.c                                   0x00000000   Number         0  main.o ABSOLUTE
    main.c                                   0x00000000   Number         0  main.o ABSOLUTE
    .ARM.Collect$$$$00000000                 0x000000e4   Section        0  entry.o(.ARM.Collect$$$$00000000)
    .ARM.Collect$$$$00000001                 0x000000e4   Section        4  entry2.o(.ARM.Collect$$$$00000001)
    .ARM.Collect$$$$00000004                 0x000000e8   Section        4  entry5.o(.ARM.Collect$$$$00000004)
    .ARM.Collect$$$$00000008                 0x000000ec   Section        0  entry7b.o(.ARM.Collect$$$$00000008)
    .ARM.Collect$$$$0000000A                 0x000000ec   Section        0  entry8b.o(.ARM.Collect$$$$0000000A)
    .ARM.Collect$$$$0000000B                 0x000000ec   Section        8  entry9a.o(.ARM.Collect$$$$0000000B)
    .ARM.Collect$$$$0000000D                 0x000000f4   Section        0  entry10a.o(.ARM.Collect$$$$0000000D)
    .ARM.Collect$$$$0000000F                 0x000000f4   Section        0  entry11a.o(.ARM.Collect$$$$0000000F)
    .ARM.Collect$$$$00002712                 0x000000f4   Section        4  entry2.o(.ARM.Collect$$$$00002712)
    __lit__00000000                          0x000000f4   Data           4  entry2.o(.ARM.Collect$$$$00002712)
    .text                                    0x000000f8   Section       36  startup_lpc407x_8x_177x_8x.o(.text)
    $v0                                      0x000000f8   Number         0  startup_lpc407x_8x_177x_8x.o(.text)
    .text                                    0x0000011c   Section        0  strcmp.o(.text)
    .text                                    0x00000138   Section        0  uidiv.o(.text)
    .text                                    0x00000164   Section       36  init.o(.text)
    i.ADC_GetLastValueLeft                   0x00000188   Section        0  adc.o(i.ADC_GetLastValueLeft)
    i.ADC_GetLastValuePotentiometer          0x0000019c   Section        0  adc.o(i.ADC_GetLastValuePotentiometer)
    i.ADC_GetLastValueRight                  0x000001b0   Section        0  adc.o(i.ADC_GetLastValueRight)
    i.ADC_IRQHandler                         0x000001c4   Section        0  adc.o(i.ADC_IRQHandler)
    i.ADC_Init                               0x00000220   Section        0  adc.o(i.ADC_Init)
    i.ADC_Start                              0x000002d8   Section        0  adc.o(i.ADC_Start)
    i.Car_Stop                               0x000002ec   Section        0  car.o(i.Car_Stop)
    i.__scatterload_null                     0x000002f8   Section        2  handlers.o(i.__scatterload_null)
    .ARM.__at_0x02FC                         0x000002fc   Section        4  startup_lpc407x_8x_177x_8x.o(.ARM.__at_0x02FC)
    i.Car_Backward                           0x00000300   Section        0  car.o(i.Car_Backward)
    i.Car_Execute                            0x0000031c   Section        0  car.o(i.Car_Execute)
    i.Car_Forward                            0x0000059c   Section        0  car.o(i.Car_Forward)
    i.Car_Init                               0x000005b8   Section        0  car.o(i.Car_Init)
    i.Car_Left                               0x000005fc   Section        0  car.o(i.Car_Left)
    i.Car_Right                              0x00000628   Section        0  car.o(i.Car_Right)
    i.EINT0_IRQHandler                       0x00000654   Section        0  external.o(i.EINT0_IRQHandler)
    i.External_Init                          0x0000067c   Section        0  external.o(i.External_Init)
    i.GPIO_DIR_Write                         0x000006f4   Section        0  gpio.o(i.GPIO_DIR_Write)
    i.GPIO_PIN_Write                         0x00000706   Section        0  gpio.o(i.GPIO_PIN_Write)
    i.HM10_ClearBuffer                       0x00000718   Section        0  hm10.o(i.HM10_ClearBuffer)
    i.HM10_Init                              0x00000744   Section        0  hm10.o(i.HM10_Init)
    i.HM10_ReadData                          0x000007e8   Section        0  hm10.o(i.HM10_ReadData)
    i.HM10_SendCommand                       0x00000800   Section        0  hm10.o(i.HM10_SendCommand)
    i.HM10_Write                             0x0000080c   Section        0  hm10.o(i.HM10_Write)
    i.HM10_WriteData                         0x00000824   Section        0  hm10.o(i.HM10_WriteData)
    i.LDR_Init                               0x0000083c   Section        0  ldr.o(i.LDR_Init)
    i.LED1_Off                               0x00000860   Section        0  led.o(i.LED1_Off)
    i.LED1_On                                0x00000874   Section        0  led.o(i.LED1_On)
    i.LED2_Off                               0x00000888   Section        0  led.o(i.LED2_Off)
    i.LED2_On                                0x0000089c   Section        0  led.o(i.LED2_On)
    i.LED3_Off                               0x000008b0   Section        0  led.o(i.LED3_Off)
    i.LED3_On                                0x000008c4   Section        0  led.o(i.LED3_On)
    i.LED4_Off                               0x000008d8   Section        0  led.o(i.LED4_Off)
    i.LED4_On                                0x000008ec   Section        0  led.o(i.LED4_On)
    i.LEDS_Backward                          0x00000900   Section        0  led.o(i.LEDS_Backward)
    i.LEDS_Forward                           0x0000091c   Section        0  led.o(i.LEDS_Forward)
    i.LEDS_Init                              0x00000938   Section        0  led.o(i.LEDS_Init)
    i.LEDS_Left                              0x0000096c   Section        0  led.o(i.LEDS_Left)
    i.LEDS_Off                               0x0000098a   Section        0  led.o(i.LEDS_Off)
    i.LEDS_Right                             0x000009a6   Section        0  led.o(i.LEDS_Right)
    i.LED_Init                               0x000009c4   Section        0  led.o(i.LED_Init)
    i.Motor_Backward                         0x000009e4   Section        0  motor.o(i.Motor_Backward)
    i.Motor_Forward                          0x00000a0c   Section        0  motor.o(i.Motor_Forward)
    i.Motor_Init                             0x00000a34   Section        0  motor.o(i.Motor_Init)
    i.Motor_Left                             0x00000a68   Section        0  motor.o(i.Motor_Left)
    i.Motor_Right                            0x00000a90   Section        0  motor.o(i.Motor_Right)
    i.Motor_Stop                             0x00000ab8   Section        0  motor.o(i.Motor_Stop)
    i.PWM_Config                             0x00000ae0   Section        0  led.o(i.PWM_Config)
    i.PWM_Cycle_Rate                         0x00000afc   Section        0  pwm.o(i.PWM_Cycle_Rate)
    i.PWM_Init                               0x00000b2c   Section        0  pwm.o(i.PWM_Init)
    i.PWM_Motor_Config                       0x00000ba4   Section        0  motor.o(i.PWM_Motor_Config)
    i.PWM_Write                              0x00000bb4   Section        0  pwm.o(i.PWM_Write)
    i.Potentiometer_Init                     0x00000c1c   Section        0  potentiometer.o(i.Potentiometer_Init)
    i.Read_Distance                          0x00000c30   Section        0  ultrasonic.o(i.Read_Distance)
    i.Read_Left_LDR                          0x00000c3c   Section        0  ldr.o(i.Read_Left_LDR)
    i.Read_Potentiometer                     0x00000c60   Section        0  potentiometer.o(i.Read_Potentiometer)
    i.Read_Right_LDR                         0x00000c84   Section        0  ldr.o(i.Read_Right_LDR)
    i.SystemCoreClockUpdate                  0x00000ca8   Section        0  system_lpc407x_8x_177x_8x.o(i.SystemCoreClockUpdate)
    i.SystemInit                             0x00000f7c   Section        0  system_lpc407x_8x_177x_8x.o(i.SystemInit)
    i.TIMER2_IRQHandler                      0x00001068   Section        0  ultrasonic.o(i.TIMER2_IRQHandler)
    i.TIMER3_IRQHandler                      0x000010b0   Section        0  ultrasonic.o(i.TIMER3_IRQHandler)
    i.Timer_Init                             0x0000111c   Section        0  timer.o(i.Timer_Init)
    i.UART3_IRQHandler                       0x000011a4   Section        0  hm10.o(i.UART3_IRQHandler)
    i.Ultrasonic_Capture_Timer_Init          0x000011d8   Section        0  ultrasonic.o(i.Ultrasonic_Capture_Timer_Init)
    i.Ultrasonic_Init                        0x0000123c   Section        0  ultrasonic.o(i.Ultrasonic_Init)
    i.Ultrasonic_Start_Trigger_Timer         0x00001258   Section        0  ultrasonic.o(i.Ultrasonic_Start_Trigger_Timer)
    i.Ultrasonic_Trigger_Timer_Init          0x0000128c   Section        0  ultrasonic.o(i.Ultrasonic_Trigger_Timer_Init)
    i.__0sprintf$1                           0x00001310   Section        0  printf1.o(i.__0sprintf$1)
    i.__NVIC_ClearPendingIRQ                 0x00001338   Section        0  ultrasonic.o(i.__NVIC_ClearPendingIRQ)
    __NVIC_ClearPendingIRQ                   0x00001339   Thumb Code    22  ultrasonic.o(i.__NVIC_ClearPendingIRQ)
    i.__NVIC_EnableIRQ                       0x00001354   Section        0  ultrasonic.o(i.__NVIC_EnableIRQ)
    __NVIC_EnableIRQ                         0x00001355   Thumb Code    26  ultrasonic.o(i.__NVIC_EnableIRQ)
    i.__scatterload_copy                     0x0000136e   Section       14  handlers.o(i.__scatterload_copy)
    i.__scatterload_zeroinit                 0x0000137c   Section       14  handlers.o(i.__scatterload_zeroinit)
    i._printf_core                           0x0000138c   Section        0  printf1.o(i._printf_core)
    _printf_core                             0x0000138d   Thumb Code   336  printf1.o(i._printf_core)
    i._sputc                                 0x000014e0   Section        0  printf1.o(i._sputc)
    _sputc                                   0x000014e1   Thumb Code    10  printf1.o(i._sputc)
    i.fpu_init                               0x000014ec   Section        0  system_lpc407x_8x_177x_8x.o(i.fpu_init)
    i.init                                   0x0000153c   Section        0  main.o(i.init)
    i.main                                   0x00001544   Section        0  main.o(i.main)
    i.update                                 0x00001550   Section        0  main.o(i.update)
    .conststring                             0x00001558   Section      176  car.o(.conststring)
    .data                                    0x10000000   Section        2  car.o(.data)
    .data                                    0x10000004   Section       15  adc.o(.data)
    .data                                    0x10000013   Section        2  hm10.o(.data)
    .data                                    0x10000018   Section        4  external.o(.data)
    .data                                    0x1000001c   Section       23  ultrasonic.o(.data)
    .data                                    0x10000034   Section       16  system_lpc407x_8x_177x_8x.o(.data)
    .bss                                     0x10000044   Section      256  hm10.o(.bss)
    STACK                                    0x10000148   Section     1024  startup_lpc407x_8x_177x_8x.o(STACK)

    Global Symbols

    Symbol Name                              Value     Ov Type        Size  Object(Section)

    BuildAttributes$$THM_ISAv4$E$P$D$K$B$S$7EM$VFPi3$EXTD16$VFPS$VFMA$PE$A:L22UL41UL21$X:L11$S22US41US21$IEEE1$IW$USESV6$~STKCKD$USESV7$~SHL$OSPACE$ROPI$EBA8$MICROLIB$REQ8$PRES8$EABIv2 0x00000000   Number         0  anon$$obj.o ABSOLUTE
    __ARM_use_no_argv                        0x00000000   Number         0  main.o ABSOLUTE
    __Vectors                                0x00000000   Data           4  startup_lpc407x_8x_177x_8x.o(RESET)
    _printf_a                                0x00000000   Number         0  stubs.o ABSOLUTE
    _printf_c                                0x00000000   Number         0  stubs.o ABSOLUTE
    _printf_charcount                        0x00000000   Number         0  stubs.o ABSOLUTE
    _printf_d                                0x00000000   Number         0  stubs.o ABSOLUTE
    _printf_e                                0x00000000   Number         0  stubs.o ABSOLUTE
    _printf_f                                0x00000000   Number         0  stubs.o ABSOLUTE
    _printf_flags                            0x00000000   Number         0  stubs.o ABSOLUTE
    _printf_fp_dec                           0x00000000   Number         0  stubs.o ABSOLUTE
    _printf_fp_hex                           0x00000000   Number         0  stubs.o ABSOLUTE
    _printf_g                                0x00000000   Number         0  stubs.o ABSOLUTE
    _printf_i                                0x00000000   Number         0  stubs.o ABSOLUTE
    _printf_int_dec                          0x00000000   Number         0  stubs.o ABSOLUTE
    _printf_l                                0x00000000   Number         0  stubs.o ABSOLUTE
    _printf_lc                               0x00000000   Number         0  stubs.o ABSOLUTE
    _printf_ll                               0x00000000   Number         0  stubs.o ABSOLUTE
    _printf_lld                              0x00000000   Number         0  stubs.o ABSOLUTE
    _printf_lli                              0x00000000   Number         0  stubs.o ABSOLUTE
    _printf_llo                              0x00000000   Number         0  stubs.o ABSOLUTE
    _printf_llu                              0x00000000   Number         0  stubs.o ABSOLUTE
    _printf_llx                              0x00000000   Number         0  stubs.o ABSOLUTE
    _printf_longlong_dec                     0x00000000   Number         0  stubs.o ABSOLUTE
    _printf_longlong_hex                     0x00000000   Number         0  stubs.o ABSOLUTE
    _printf_longlong_oct                     0x00000000   Number         0  stubs.o ABSOLUTE
    _printf_ls                               0x00000000   Number         0  stubs.o ABSOLUTE
    _printf_mbtowc                           0x00000000   Number         0  stubs.o ABSOLUTE
    _printf_n                                0x00000000   Number         0  stubs.o ABSOLUTE
    _printf_o                                0x00000000   Number         0  stubs.o ABSOLUTE
    _printf_p                                0x00000000   Number         0  stubs.o ABSOLUTE
    _printf_percent                          0x00000000   Number         0  stubs.o ABSOLUTE
    _printf_pre_padding                      0x00000000   Number         0  stubs.o ABSOLUTE
    _printf_return_value                     0x00000000   Number         0  stubs.o ABSOLUTE
    _printf_s                                0x00000000   Number         0  stubs.o ABSOLUTE
    _printf_sizespec                         0x00000000   Number         0  stubs.o ABSOLUTE
    _printf_str                              0x00000000   Number         0  stubs.o ABSOLUTE
    _printf_truncate_signed                  0x00000000   Number         0  stubs.o ABSOLUTE
    _printf_truncate_unsigned                0x00000000   Number         0  stubs.o ABSOLUTE
    _printf_u                                0x00000000   Number         0  stubs.o ABSOLUTE
    _printf_wc                               0x00000000   Number         0  stubs.o ABSOLUTE
    _printf_wctomb                           0x00000000   Number         0  stubs.o ABSOLUTE
    _printf_widthprec                        0x00000000   Number         0  stubs.o ABSOLUTE
    _printf_x                                0x00000000   Number         0  stubs.o ABSOLUTE
    __cpp_initialize__aeabi_                  - Undefined Weak Reference
    __cxa_finalize                            - Undefined Weak Reference
    __decompress                              - Undefined Weak Reference
    _clock_init                               - Undefined Weak Reference
    _microlib_exit                            - Undefined Weak Reference
    __main                                   0x000000e5   Thumb Code     0  entry.o(.ARM.Collect$$$$00000000)
    _main_stk                                0x000000e5   Thumb Code     0  entry2.o(.ARM.Collect$$$$00000001)
    _main_scatterload                        0x000000e9   Thumb Code     0  entry5.o(.ARM.Collect$$$$00000004)
    __main_after_scatterload                 0x000000ed   Thumb Code     0  entry5.o(.ARM.Collect$$$$00000004)
    _main_clock                              0x000000ed   Thumb Code     0  entry7b.o(.ARM.Collect$$$$00000008)
    _main_cpp_init                           0x000000ed   Thumb Code     0  entry8b.o(.ARM.Collect$$$$0000000A)
    _main_init                               0x000000ed   Thumb Code     0  entry9a.o(.ARM.Collect$$$$0000000B)
    __rt_final_cpp                           0x000000f5   Thumb Code     0  entry10a.o(.ARM.Collect$$$$0000000D)
    __rt_final_exit                          0x000000f5   Thumb Code     0  entry11a.o(.ARM.Collect$$$$0000000F)
    Reset_Handler                            0x000000f9   Thumb Code     8  startup_lpc407x_8x_177x_8x.o(.text)
    NMI_Handler                              0x00000101   Thumb Code     2  startup_lpc407x_8x_177x_8x.o(.text)
    HardFault_Handler                        0x00000103   Thumb Code     2  startup_lpc407x_8x_177x_8x.o(.text)
    MemManage_Handler                        0x00000105   Thumb Code     2  startup_lpc407x_8x_177x_8x.o(.text)
    BusFault_Handler                         0x00000107   Thumb Code     2  startup_lpc407x_8x_177x_8x.o(.text)
    UsageFault_Handler                       0x00000109   Thumb Code     2  startup_lpc407x_8x_177x_8x.o(.text)
    SVC_Handler                              0x0000010b   Thumb Code     2  startup_lpc407x_8x_177x_8x.o(.text)
    DebugMon_Handler                         0x0000010d   Thumb Code     2  startup_lpc407x_8x_177x_8x.o(.text)
    PendSV_Handler                           0x0000010f   Thumb Code     2  startup_lpc407x_8x_177x_8x.o(.text)
    SysTick_Handler                          0x00000111   Thumb Code     2  startup_lpc407x_8x_177x_8x.o(.text)
    BOD_IRQHandler                           0x00000113   Thumb Code     0  startup_lpc407x_8x_177x_8x.o(.text)
    CANActivity_IRQHandler                   0x00000113   Thumb Code     0  startup_lpc407x_8x_177x_8x.o(.text)
    CAN_IRQHandler                           0x00000113   Thumb Code     0  startup_lpc407x_8x_177x_8x.o(.text)
    DMA_IRQHandler                           0x00000113   Thumb Code     0  startup_lpc407x_8x_177x_8x.o(.text)
    EEPROM_IRQHandler                        0x00000113   Thumb Code     0  startup_lpc407x_8x_177x_8x.o(.text)
    EINT1_IRQHandler                         0x00000113   Thumb Code     0  startup_lpc407x_8x_177x_8x.o(.text)
    EINT2_IRQHandler                         0x00000113   Thumb Code     0  startup_lpc407x_8x_177x_8x.o(.text)
    EINT3_IRQHandler                         0x00000113   Thumb Code     0  startup_lpc407x_8x_177x_8x.o(.text)
    ENET_IRQHandler                          0x00000113   Thumb Code     0  startup_lpc407x_8x_177x_8x.o(.text)
    GPIO_IRQHandler                          0x00000113   Thumb Code     0  startup_lpc407x_8x_177x_8x.o(.text)
    I2C0_IRQHandler                          0x00000113   Thumb Code     0  startup_lpc407x_8x_177x_8x.o(.text)
    I2C1_IRQHandler                          0x00000113   Thumb Code     0  startup_lpc407x_8x_177x_8x.o(.text)
    I2C2_IRQHandler                          0x00000113   Thumb Code     0  startup_lpc407x_8x_177x_8x.o(.text)
    I2S_IRQHandler                           0x00000113   Thumb Code     0  startup_lpc407x_8x_177x_8x.o(.text)
    LCD_IRQHandler                           0x00000113   Thumb Code     0  startup_lpc407x_8x_177x_8x.o(.text)
    MCI_IRQHandler                           0x00000113   Thumb Code     0  startup_lpc407x_8x_177x_8x.o(.text)
    MCPWM_IRQHandler                         0x00000113   Thumb Code     0  startup_lpc407x_8x_177x_8x.o(.text)
    PLL0_IRQHandler                          0x00000113   Thumb Code     0  startup_lpc407x_8x_177x_8x.o(.text)
    PLL1_IRQHandler                          0x00000113   Thumb Code     0  startup_lpc407x_8x_177x_8x.o(.text)
    PWM0_IRQHandler                          0x00000113   Thumb Code     0  startup_lpc407x_8x_177x_8x.o(.text)
    PWM1_IRQHandler                          0x00000113   Thumb Code     0  startup_lpc407x_8x_177x_8x.o(.text)
    QEI_IRQHandler                           0x00000113   Thumb Code     0  startup_lpc407x_8x_177x_8x.o(.text)
    RTC_IRQHandler                           0x00000113   Thumb Code     0  startup_lpc407x_8x_177x_8x.o(.text)
    SSP0_IRQHandler                          0x00000113   Thumb Code     0  startup_lpc407x_8x_177x_8x.o(.text)
    SSP1_IRQHandler                          0x00000113   Thumb Code     0  startup_lpc407x_8x_177x_8x.o(.text)
    SSP2_IRQHandler                          0x00000113   Thumb Code     0  startup_lpc407x_8x_177x_8x.o(.text)
    TIMER0_IRQHandler                        0x00000113   Thumb Code     0  startup_lpc407x_8x_177x_8x.o(.text)
    TIMER1_IRQHandler                        0x00000113   Thumb Code     0  startup_lpc407x_8x_177x_8x.o(.text)
    UART0_IRQHandler                         0x00000113   Thumb Code     0  startup_lpc407x_8x_177x_8x.o(.text)
    UART1_IRQHandler                         0x00000113   Thumb Code     0  startup_lpc407x_8x_177x_8x.o(.text)
    UART2_IRQHandler                         0x00000113   Thumb Code     0  startup_lpc407x_8x_177x_8x.o(.text)
    UART4_IRQHandler                         0x00000113   Thumb Code     0  startup_lpc407x_8x_177x_8x.o(.text)
    USBActivity_IRQHandler                   0x00000113   Thumb Code     0  startup_lpc407x_8x_177x_8x.o(.text)
    USB_IRQHandler                           0x00000113   Thumb Code     0  startup_lpc407x_8x_177x_8x.o(.text)
    WDT_IRQHandler                           0x00000113   Thumb Code     0  startup_lpc407x_8x_177x_8x.o(.text)
    strcmp                                   0x0000011d   Thumb Code    28  strcmp.o(.text)
    __aeabi_uidiv                            0x00000139   Thumb Code     0  uidiv.o(.text)
    __aeabi_uidivmod                         0x00000139   Thumb Code    44  uidiv.o(.text)
    __scatterload                            0x00000165   Thumb Code    28  init.o(.text)
    __scatterload_rt2                        0x00000165   Thumb Code     0  init.o(.text)
    ADC_GetLastValueLeft                     0x00000189   Thumb Code    12  adc.o(i.ADC_GetLastValueLeft)
    ADC_GetLastValuePotentiometer            0x0000019d   Thumb Code    12  adc.o(i.ADC_GetLastValuePotentiometer)
    ADC_GetLastValueRight                    0x000001b1   Thumb Code    12  adc.o(i.ADC_GetLastValueRight)
    ADC_IRQHandler                           0x000001c5   Thumb Code    64  adc.o(i.ADC_IRQHandler)
    ADC_Init                                 0x00000221   Thumb Code   170  adc.o(i.ADC_Init)
    ADC_Start                                0x000002d9   Thumb Code    14  adc.o(i.ADC_Start)
    Car_Stop                                 0x000002ed   Thumb Code    12  car.o(i.Car_Stop)
    __scatterload_null                       0x000002f9   Thumb Code     2  handlers.o(i.__scatterload_null)
    Car_Backward                             0x00000301   Thumb Code    22  car.o(i.Car_Backward)
    Car_Execute                              0x0000031d   Thumb Code   472  car.o(i.Car_Execute)
    Car_Forward                              0x0000059d   Thumb Code    22  car.o(i.Car_Forward)
    Car_Init                                 0x000005b9   Thumb Code    60  car.o(i.Car_Init)
    Car_Left                                 0x000005fd   Thumb Code    36  car.o(i.Car_Left)
    Car_Right                                0x00000629   Thumb Code    36  car.o(i.Car_Right)
    EINT0_IRQHandler                         0x00000655   Thumb Code    26  external.o(i.EINT0_IRQHandler)
    External_Init                            0x0000067d   Thumb Code   104  external.o(i.External_Init)
    GPIO_DIR_Write                           0x000006f5   Thumb Code    18  gpio.o(i.GPIO_DIR_Write)
    GPIO_PIN_Write                           0x00000707   Thumb Code    18  gpio.o(i.GPIO_PIN_Write)
    HM10_ClearBuffer                         0x00000719   Thumb Code    32  hm10.o(i.HM10_ClearBuffer)
    HM10_Init                                0x00000745   Thumb Code   146  hm10.o(i.HM10_Init)
    HM10_ReadData                            0x000007e9   Thumb Code    20  hm10.o(i.HM10_ReadData)
    HM10_SendCommand                         0x00000801   Thumb Code    12  hm10.o(i.HM10_SendCommand)
    HM10_Write                               0x0000080d   Thumb Code    22  hm10.o(i.HM10_Write)
    HM10_WriteData                           0x00000825   Thumb Code    20  hm10.o(i.HM10_WriteData)
    LDR_Init                                 0x0000083d   Thumb Code    30  ldr.o(i.LDR_Init)
    LED1_Off                                 0x00000861   Thumb Code    14  led.o(i.LED1_Off)
    LED1_On                                  0x00000875   Thumb Code    14  led.o(i.LED1_On)
    LED2_Off                                 0x00000889   Thumb Code    16  led.o(i.LED2_Off)
    LED2_On                                  0x0000089d   Thumb Code    14  led.o(i.LED2_On)
    LED3_Off                                 0x000008b1   Thumb Code    16  led.o(i.LED3_Off)
    LED3_On                                  0x000008c5   Thumb Code    14  led.o(i.LED3_On)
    LED4_Off                                 0x000008d9   Thumb Code    16  led.o(i.LED4_Off)
    LED4_On                                  0x000008ed   Thumb Code    14  led.o(i.LED4_On)
    LEDS_Backward                            0x00000901   Thumb Code    28  led.o(i.LEDS_Backward)
    LEDS_Forward                             0x0000091d   Thumb Code    28  led.o(i.LEDS_Forward)
    LEDS_Init                                0x00000939   Thumb Code    46  led.o(i.LEDS_Init)
    LEDS_Left                                0x0000096d   Thumb Code    30  led.o(i.LEDS_Left)
    LEDS_Off                                 0x0000098b   Thumb Code    28  led.o(i.LEDS_Off)
    LEDS_Right                               0x000009a7   Thumb Code    30  led.o(i.LEDS_Right)
    LED_Init                                 0x000009c5   Thumb Code    28  led.o(i.LED_Init)
    Motor_Backward                           0x000009e5   Thumb Code    34  motor.o(i.Motor_Backward)
    Motor_Forward                            0x00000a0d   Thumb Code    34  motor.o(i.Motor_Forward)
    Motor_Init                               0x00000a35   Thumb Code    44  motor.o(i.Motor_Init)
    Motor_Left                               0x00000a69   Thumb Code    34  motor.o(i.Motor_Left)
    Motor_Right                              0x00000a91   Thumb Code    34  motor.o(i.Motor_Right)
    Motor_Stop                               0x00000ab9   Thumb Code    34  motor.o(i.Motor_Stop)
    PWM_Config                               0x00000ae1   Thumb Code    26  led.o(i.PWM_Config)
    PWM_Cycle_Rate                           0x00000afd   Thumb Code    38  pwm.o(i.PWM_Cycle_Rate)
    PWM_Init                                 0x00000b2d   Thumb Code   104  pwm.o(i.PWM_Init)
    PWM_Motor_Config                         0x00000ba5   Thumb Code    16  motor.o(i.PWM_Motor_Config)
    PWM_Write                                0x00000bb5   Thumb Code    96  pwm.o(i.PWM_Write)
    Potentiometer_Init                       0x00000c1d   Thumb Code    14  potentiometer.o(i.Potentiometer_Init)
    Read_Distance                            0x00000c31   Thumb Code     6  ultrasonic.o(i.Read_Distance)
    Read_Left_LDR                            0x00000c3d   Thumb Code    30  ldr.o(i.Read_Left_LDR)
    Read_Potentiometer                       0x00000c61   Thumb Code    30  potentiometer.o(i.Read_Potentiometer)
    Read_Right_LDR                           0x00000c85   Thumb Code    30  ldr.o(i.Read_Right_LDR)
    SystemCoreClockUpdate                    0x00000ca9   Thumb Code   696  system_lpc407x_8x_177x_8x.o(i.SystemCoreClockUpdate)
    SystemInit                               0x00000f7d   Thumb Code   220  system_lpc407x_8x_177x_8x.o(i.SystemInit)
    TIMER2_IRQHandler                        0x00001069   Thumb Code    62  ultrasonic.o(i.TIMER2_IRQHandler)
    TIMER3_IRQHandler                        0x000010b1   Thumb Code    84  ultrasonic.o(i.TIMER3_IRQHandler)
    Timer_Init                               0x0000111d   Thumb Code   126  timer.o(i.Timer_Init)
    UART3_IRQHandler                         0x000011a5   Thumb Code    38  hm10.o(i.UART3_IRQHandler)
    Ultrasonic_Capture_Timer_Init            0x000011d9   Thumb Code    92  ultrasonic.o(i.Ultrasonic_Capture_Timer_Init)
    Ultrasonic_Init                          0x0000123d   Thumb Code    24  ultrasonic.o(i.Ultrasonic_Init)
    Ultrasonic_Start_Trigger_Timer           0x00001259   Thumb Code    48  ultrasonic.o(i.Ultrasonic_Start_Trigger_Timer)
    Ultrasonic_Trigger_Timer_Init            0x0000128d   Thumb Code   116  ultrasonic.o(i.Ultrasonic_Trigger_Timer_Init)
    __0sprintf$1                             0x00001311   Thumb Code    34  printf1.o(i.__0sprintf$1)
    __1sprintf$1                             0x00001311   Thumb Code     0  printf1.o(i.__0sprintf$1)
    __2sprintf                               0x00001311   Thumb Code     0  printf1.o(i.__0sprintf$1)
    __scatterload_copy                       0x0000136f   Thumb Code    14  handlers.o(i.__scatterload_copy)
    __scatterload_zeroinit                   0x0000137d   Thumb Code    14  handlers.o(i.__scatterload_zeroinit)
    fpu_init                                 0x000014ed   Thumb Code    62  system_lpc407x_8x_177x_8x.o(i.fpu_init)
    init                                     0x0000153d   Thumb Code     8  main.o(i.init)
    main                                     0x00001545   Thumb Code    12  main.o(i.main)
    update                                   0x00001551   Thumb Code     8  main.o(i.update)
    Region$$Table$$Base                      0x00001608   Number         0  anon$$obj.o(Region$$Table)
    Region$$Table$$Limit                     0x00001628   Number         0  anon$$obj.o(Region$$Table)
    STATUS                                   0x10000000   Data           1  car.o(.data)
    MODE                                     0x10000001   Data           1  car.o(.data)
    ADC_Last_Left                            0x10000004   Data           4  adc.o(.data)
    ADC_Last_Right                           0x10000008   Data           4  adc.o(.data)
    ADC_Last_Potentiometer                   0x1000000c   Data           4  adc.o(.data)
    ADC_New_Data_Available_Left              0x10000010   Data           1  adc.o(.data)
    ADC_New_Data_Available_Right             0x10000011   Data           1  adc.o(.data)
    ADC_New_Data_Available_Potentiometer     0x10000012   Data           1  adc.o(.data)
    HM10CurrentBufferIndex                   0x10000013   Data           1  hm10.o(.data)
    HM10NewDataAvailable                     0x10000014   Data           1  hm10.o(.data)
    Turn_Counter                             0x10000018   Data           4  external.o(.data)
    ultrasonicSensorRisingCaptureTime        0x1000001c   Data           4  ultrasonic.o(.data)
    ultrasonicSensorFallingCaptureTime       0x10000020   Data           4  ultrasonic.o(.data)
    ultrasonicSensorDuration                 0x10000024   Data           4  ultrasonic.o(.data)
    ultrasonicSensorDistance                 0x10000028   Data           4  ultrasonic.o(.data)
    Distance                                 0x1000002c   Data           4  ultrasonic.o(.data)
    ultrasonicSensorNewDataAvailable         0x10000030   Data           1  ultrasonic.o(.data)
    ultrasonicSensorTriggerStart             0x10000031   Data           1  ultrasonic.o(.data)
    ultrasonicSensorCaptureRisingEdge        0x10000032   Data           1  ultrasonic.o(.data)
    SystemCoreClock                          0x10000034   Data           4  system_lpc407x_8x_177x_8x.o(.data)
    PeripheralClock                          0x10000038   Data           4  system_lpc407x_8x_177x_8x.o(.data)
    EMCClock                                 0x1000003c   Data           4  system_lpc407x_8x_177x_8x.o(.data)
    USBClock                                 0x10000040   Data           4  system_lpc407x_8x_177x_8x.o(.data)
    HM10Buffer                               0x10000044   Data         256  hm10.o(.bss)
    __initial_sp                             0x10000548   Data           0  startup_lpc407x_8x_177x_8x.o(STACK)



==============================================================================

Memory Map of the image

  Image Entry point : 0x000000f9

  Load Region LR_1 (Base: 0x00000000, Size: 0x0000166c, Max: 0xffffffff, ABSOLUTE)

    Execution Region ER_RO (Exec base: 0x00000000, Load base: 0x00000000, Size: 0x00001628, Max: 0xffffffff, ABSOLUTE)

    Exec Addr    Load Addr    Size         Type   Attr      Idx    E Section Name        Object

    0x00000000   0x00000000   0x000000e4   Data   RO          807    RESET               startup_lpc407x_8x_177x_8x.o
    0x000000e4   0x000000e4   0x00000000   Code   RO          857  * .ARM.Collect$$$$00000000  mc_w.l(entry.o)
    0x000000e4   0x000000e4   0x00000004   Code   RO         1123    .ARM.Collect$$$$00000001  mc_w.l(entry2.o)
    0x000000e8   0x000000e8   0x00000004   Code   RO         1126    .ARM.Collect$$$$00000004  mc_w.l(entry5.o)
    0x000000ec   0x000000ec   0x00000000   Code   RO         1128    .ARM.Collect$$$$00000008  mc_w.l(entry7b.o)
    0x000000ec   0x000000ec   0x00000000   Code   RO         1130    .ARM.Collect$$$$0000000A  mc_w.l(entry8b.o)
    0x000000ec   0x000000ec   0x00000008   Code   RO         1131    .ARM.Collect$$$$0000000B  mc_w.l(entry9a.o)
    0x000000f4   0x000000f4   0x00000000   Code   RO         1133    .ARM.Collect$$$$0000000D  mc_w.l(entry10a.o)
    0x000000f4   0x000000f4   0x00000000   Code   RO         1135    .ARM.Collect$$$$0000000F  mc_w.l(entry11a.o)
    0x000000f4   0x000000f4   0x00000004   Code   RO         1124    .ARM.Collect$$$$00002712  mc_w.l(entry2.o)
    0x000000f8   0x000000f8   0x00000024   Code   RO          809  * .text               startup_lpc407x_8x_177x_8x.o
    0x0000011c   0x0000011c   0x0000001c   Code   RO          860    .text               mc_w.l(strcmp.o)
    0x00000138   0x00000138   0x0000002c   Code   RO         1140    .text               mc_w.l(uidiv.o)
    0x00000164   0x00000164   0x00000024   Code   RO         1155    .text               mc_w.l(init.o)
    0x00000188   0x00000188   0x00000014   Code   RO          491    i.ADC_GetLastValueLeft  adc.o
    0x0000019c   0x0000019c   0x00000014   Code   RO          492    i.ADC_GetLastValuePotentiometer  adc.o
    0x000001b0   0x000001b0   0x00000014   Code   RO          493    i.ADC_GetLastValueRight  adc.o
    0x000001c4   0x000001c4   0x0000005c   Code   RO          494    i.ADC_IRQHandler    adc.o
    0x00000220   0x00000220   0x000000b8   Code   RO          495    i.ADC_Init          adc.o
    0x000002d8   0x000002d8   0x00000014   Code   RO          496    i.ADC_Start         adc.o
    0x000002ec   0x000002ec   0x0000000c   Code   RO          405    i.Car_Stop          car.o
    0x000002f8   0x000002f8   0x00000002   Code   RO         1170    i.__scatterload_null  mc_w.l(handlers.o)
    0x000002fa   0x000002fa   0x00000002   PAD
    0x000002fc   0x000002fc   0x00000004   Code   RO          808    .ARM.__at_0x02FC    startup_lpc407x_8x_177x_8x.o
    0x00000300   0x00000300   0x0000001c   Code   RO          399    i.Car_Backward      car.o
    0x0000031c   0x0000031c   0x00000280   Code   RO          400    i.Car_Execute       car.o
    0x0000059c   0x0000059c   0x0000001c   Code   RO          401    i.Car_Forward       car.o
    0x000005b8   0x000005b8   0x00000044   Code   RO          402    i.Car_Init          car.o
    0x000005fc   0x000005fc   0x0000002c   Code   RO          403    i.Car_Left          car.o
    0x00000628   0x00000628   0x0000002c   Code   RO          404    i.Car_Right         car.o
    0x00000654   0x00000654   0x00000028   Code   RO          662    i.EINT0_IRQHandler  external.o
    0x0000067c   0x0000067c   0x00000078   Code   RO          663    i.External_Init     external.o
    0x000006f4   0x000006f4   0x00000012   Code   RO           72    i.GPIO_DIR_Write    gpio.o
    0x00000706   0x00000706   0x00000012   Code   RO           73    i.GPIO_PIN_Write    gpio.o
    0x00000718   0x00000718   0x0000002c   Code   RO          595    i.HM10_ClearBuffer  hm10.o
    0x00000744   0x00000744   0x000000a4   Code   RO          596    i.HM10_Init         hm10.o
    0x000007e8   0x000007e8   0x00000018   Code   RO          597    i.HM10_ReadData     hm10.o
    0x00000800   0x00000800   0x0000000c   Code   RO          598    i.HM10_SendCommand  hm10.o
    0x0000080c   0x0000080c   0x00000016   Code   RO          599    i.HM10_Write        hm10.o
    0x00000822   0x00000822   0x00000002   PAD
    0x00000824   0x00000824   0x00000018   Code   RO          600    i.HM10_WriteData    hm10.o
    0x0000083c   0x0000083c   0x00000024   Code   RO          555    i.LDR_Init          ldr.o
    0x00000860   0x00000860   0x00000014   Code   RO          168    i.LED1_Off          led.o
    0x00000874   0x00000874   0x00000014   Code   RO          169    i.LED1_On           led.o
    0x00000888   0x00000888   0x00000014   Code   RO          170    i.LED2_Off          led.o
    0x0000089c   0x0000089c   0x00000014   Code   RO          171    i.LED2_On           led.o
    0x000008b0   0x000008b0   0x00000014   Code   RO          172    i.LED3_Off          led.o
    0x000008c4   0x000008c4   0x00000014   Code   RO          173    i.LED3_On           led.o
    0x000008d8   0x000008d8   0x00000014   Code   RO          174    i.LED4_Off          led.o
    0x000008ec   0x000008ec   0x00000014   Code   RO          175    i.LED4_On           led.o
    0x00000900   0x00000900   0x0000001c   Code   RO          176    i.LEDS_Backward     led.o
    0x0000091c   0x0000091c   0x0000001c   Code   RO          177    i.LEDS_Forward      led.o
    0x00000938   0x00000938   0x00000034   Code   RO          178    i.LEDS_Init         led.o
    0x0000096c   0x0000096c   0x0000001e   Code   RO          179    i.LEDS_Left         led.o
    0x0000098a   0x0000098a   0x0000001c   Code   RO          180    i.LEDS_Off          led.o
    0x000009a6   0x000009a6   0x0000001e   Code   RO          182    i.LEDS_Right        led.o
    0x000009c4   0x000009c4   0x00000020   Code   RO          183    i.LED_Init          led.o
    0x000009e4   0x000009e4   0x00000028   Code   RO          336    i.Motor_Backward    motor.o
    0x00000a0c   0x00000a0c   0x00000028   Code   RO          337    i.Motor_Forward     motor.o
    0x00000a34   0x00000a34   0x00000034   Code   RO          338    i.Motor_Init        motor.o
    0x00000a68   0x00000a68   0x00000028   Code   RO          339    i.Motor_Left        motor.o
    0x00000a90   0x00000a90   0x00000028   Code   RO          340    i.Motor_Right       motor.o
    0x00000ab8   0x00000ab8   0x00000028   Code   RO          341    i.Motor_Stop        motor.o
    0x00000ae0   0x00000ae0   0x0000001a   Code   RO          184    i.PWM_Config        led.o
    0x00000afa   0x00000afa   0x00000002   PAD
    0x00000afc   0x00000afc   0x00000030   Code   RO          300    i.PWM_Cycle_Rate    pwm.o
    0x00000b2c   0x00000b2c   0x00000078   Code   RO          301    i.PWM_Init          pwm.o
    0x00000ba4   0x00000ba4   0x00000010   Code   RO          342    i.PWM_Motor_Config  motor.o
    0x00000bb4   0x00000bb4   0x00000068   Code   RO          302    i.PWM_Write         pwm.o
    0x00000c1c   0x00000c1c   0x00000014   Code   RO          698    i.Potentiometer_Init  potentiometer.o
    0x00000c30   0x00000c30   0x0000000c   Code   RO          728    i.Read_Distance     ultrasonic.o
    0x00000c3c   0x00000c3c   0x00000024   Code   RO          556    i.Read_Left_LDR     ldr.o
    0x00000c60   0x00000c60   0x00000024   Code   RO          699    i.Read_Potentiometer  potentiometer.o
    0x00000c84   0x00000c84   0x00000024   Code   RO          557    i.Read_Right_LDR    ldr.o
    0x00000ca8   0x00000ca8   0x000002d4   Code   RO          818    i.SystemCoreClockUpdate  system_lpc407x_8x_177x_8x.o
    0x00000f7c   0x00000f7c   0x000000ec   Code   RO          819    i.SystemInit        system_lpc407x_8x_177x_8x.o
    0x00001068   0x00001068   0x00000048   Code   RO          729    i.TIMER2_IRQHandler  ultrasonic.o
    0x000010b0   0x000010b0   0x0000006c   Code   RO          730    i.TIMER3_IRQHandler  ultrasonic.o
    0x0000111c   0x0000111c   0x00000088   Code   RO          138    i.Timer_Init        timer.o
    0x000011a4   0x000011a4   0x00000034   Code   RO          601    i.UART3_IRQHandler  hm10.o
    0x000011d8   0x000011d8   0x00000064   Code   RO          731    i.Ultrasonic_Capture_Timer_Init  ultrasonic.o
    0x0000123c   0x0000123c   0x0000001c   Code   RO          732    i.Ultrasonic_Init   ultrasonic.o
    0x00001258   0x00001258   0x00000034   Code   RO          733    i.Ultrasonic_Start_Trigger_Timer  ultrasonic.o
    0x0000128c   0x0000128c   0x00000084   Code   RO          734    i.Ultrasonic_Trigger_Timer_Init  ultrasonic.o
    0x00001310   0x00001310   0x00000028   Code   RO          909    i.__0sprintf$1      mc_w.l(printf1.o)
    0x00001338   0x00001338   0x0000001c   Code   RO          735    i.__NVIC_ClearPendingIRQ  ultrasonic.o
    0x00001354   0x00001354   0x0000001a   Code   RO          736    i.__NVIC_EnableIRQ  ultrasonic.o
    0x0000136e   0x0000136e   0x0000000e   Code   RO         1169    i.__scatterload_copy  mc_w.l(handlers.o)
    0x0000137c   0x0000137c   0x0000000e   Code   RO         1171    i.__scatterload_zeroinit  mc_w.l(handlers.o)
    0x0000138a   0x0000138a   0x00000002   PAD
    0x0000138c   0x0000138c   0x00000154   Code   RO          914    i._printf_core      mc_w.l(printf1.o)
    0x000014e0   0x000014e0   0x0000000a   Code   RO          916    i._sputc            mc_w.l(printf1.o)
    0x000014ea   0x000014ea   0x00000002   PAD
    0x000014ec   0x000014ec   0x00000050   Code   RO          820    i.fpu_init          system_lpc407x_8x_177x_8x.o
    0x0000153c   0x0000153c   0x00000008   Code   RO            4    i.init              main.o
    0x00001544   0x00001544   0x0000000c   Code   RO            5    i.main              main.o
    0x00001550   0x00001550   0x00000008   Code   RO            6    i.update            main.o
    0x00001558   0x00001558   0x000000b0   Data   RO          406    .conststring        car.o
    0x00001608   0x00001608   0x00000020   Data   RO         1167    Region$$Table       anon$$obj.o


    Execution Region ER_RW (Exec base: 0x10000000, Load base: 0x00001628, Size: 0x00000044, Max: 0xffffffff, ABSOLUTE)

    Exec Addr    Load Addr    Size         Type   Attr      Idx    E Section Name        Object

    0x10000000   0x00001628   0x00000002   Data   RW          407    .data               car.o
    0x10000002   0x0000162a   0x00000002   PAD
    0x10000004   0x0000162c   0x0000000f   Data   RW          497    .data               adc.o
    0x10000013   0x0000163b   0x00000002   Data   RW          603    .data               hm10.o
    0x10000015   0x0000163d   0x00000003   PAD
    0x10000018   0x00001640   0x00000004   Data   RW          664    .data               external.o
    0x1000001c   0x00001644   0x00000017   Data   RW          737    .data               ultrasonic.o
    0x10000033   0x0000165b   0x00000001   PAD
    0x10000034   0x0000165c   0x00000010   Data   RW          821    .data               system_lpc407x_8x_177x_8x.o


    Execution Region ER_ZI (Exec base: 0x10000044, Load base: 0x0000166c, Size: 0x00000504, Max: 0xffffffff, ABSOLUTE)

    Exec Addr    Load Addr    Size         Type   Attr      Idx    E Section Name        Object

    0x10000044        -       0x00000100   Zero   RW          602    .bss                hm10.o
    0x10000144   0x0000166c   0x00000004   PAD
    0x10000148        -       0x00000400   Zero   RW          805    STACK               startup_lpc407x_8x_177x_8x.o


==============================================================================

Image component sizes


      Code (inc. data)   RO Data    RW Data    ZI Data      Debug   Object Name

       356         72          0         15          0      33750   adc.o
       864        210        176          2          0       4054   car.o
       160         30          0          4          0       1290   external.o
        36          0          0          0          0       2258   gpio.o
       342         52          0          2        256       4032   hm10.o
       108         18          0          0          0       1352   ldr.o
       414         52          0          0          0       7715   led.o
        28          0          0          0          0      28295   main.o
       268         38          0          0          0       3341   motor.o
        56         12          0          0          0        946   potentiometer.o
       272         34          0          0          0       2168   pwm.o
        40         12        228          0       1024       1072   startup_lpc407x_8x_177x_8x.o
      1040         62          0         16          0       4504   system_lpc407x_8x_177x_8x.o
       136         10          0          0          0        461   timer.o
       558         78          0         23          0      35084   ultrasonic.o

    ----------------------------------------------------------------------
      4682        680        436         68       1284     130322   Object Totals
         0          0         32          0          0          0   (incl. Generated)
         4          0          0          6          4          0   (incl. Padding)

    ----------------------------------------------------------------------

      Code (inc. data)   RO Data    RW Data    ZI Data      Debug   Library Member Name

         0          0          0          0          0          0   entry.o
         0          0          0          0          0          0   entry10a.o
         0          0          0          0          0          0   entry11a.o
         8          4          0          0          0          0   entry2.o
         4          0          0          0          0          0   entry5.o
         0          0          0          0          0          0   entry7b.o
         0          0          0          0          0          0   entry8b.o
         8          4          0          0          0          0   entry9a.o
        30          0          0          0          0          0   handlers.o
        36          8          0          0          0         68   init.o
       390         10          0          0          0        252   printf1.o
        28          0          0          0          0         76   strcmp.o
        44          0          0          0          0         80   uidiv.o

    ----------------------------------------------------------------------
       554         26          0          0          0        476   Library Totals
         6          0          0          0          0          0   (incl. Padding)

    ----------------------------------------------------------------------

      Code (inc. data)   RO Data    RW Data    ZI Data      Debug   Library Name

       548         26          0          0          0        476   mc_w.l

    ----------------------------------------------------------------------
       554         26          0          0          0        476   Library Totals

    ----------------------------------------------------------------------

==============================================================================


      Code (inc. data)   RO Data    RW Data    ZI Data      Debug   

      5236        706        436         68       1284     124246   Grand Totals
      5236        706        436         68       1284     124246   ELF Image Totals
      5236        706        436         68          0          0   ROM Totals

==============================================================================

    Total RO  Size (Code + RO Data)                 5672 (   5.54kB)
    Total RW  Size (RW Data + ZI Data)              1352 (   1.32kB)
    Total ROM Size (Code + RO Data + RW Data)       5740 (   5.61kB)

==============================================================================

