


ARM Macro Assembler    Page 1 


    1 00000000                 AREA             MatrixKeypadCode, CODE, READONL
Y
    2 00000000                 EXPORT           MatrixKeypad_Init
    3 00000000                 EXPORT           MatrixKeypad_SearchRows
    4 00000000                 EXPORT           MatrixKeypad_ChangeColumn
    5 00000000         
    6 00000000                 ALIGN
    7 00000000         MatrixKeypad_Init
                               PROC
    8 00000000 E92D 4FF0       PUSH             {r4-r11,lr}
    9 00000004         
   10 00000004         ;Write Code for initializing 3 Column Pins as Output and
                        4 Row Pins as Input.
   11 00000004         
   12 00000004 4C2C            LDR              r4,=DIR0_ADDRESS
   13 00000006 6825            LDR              r5,[r4]
   14 00000008 F045 0501       ORR              r5,#1 << 0
   15 0000000C F045 0502       ORR              r5,#1 << 1
   16 00000010 F445 7500       ORR              r5,#1 << 9
   17 00000014 6025            STR              r5,[r4]
   18 00000016         
   19 00000016 E8BD 4FF0       POP{r4-r11,lr}
   20 0000001A 4770            BX               lr
   21 0000001C                 ENDP
   22 0000001C         MatrixKeypad_SearchRows
                               PROC
   23 0000001C E92D 4FF0       PUSH             {r4-r11,lr}
   24 00000020         
   25 00000020         ;Implement MatrixKeypad_SearchRows method for detecting 
                       which row pin gives zero value.
   26 00000020         ;If the first row is zero, your method should return 1.
   27 00000020         ;If the second row is zero, your method should return 2…
                       .
   28 00000020         ;If no rows give zero value, your method should return 0
                       
   29 00000020         
   30 00000020 4C26            LDR              r4,=PIN1_ADDRESS
   31 00000022 6825            LDR              r5,[r4]
   32 00000024         
   33 00000024 F04F 7680       MOV              r6,#1 << 24
   34 00000028 EA05 0706       AND              r7,r5,r6
   35 0000002C F04F 0001       MOV              r0,#0x01
   36 00000030 2F00            CMP              r7,#0x00
   37 00000032 D01B            BEQ              matrixkeypad_searchRows_return
   38 00000034         
   39 00000034 F44F 0600       MOV              r6,#1 << 23
   40 00000038 EA05 0706       AND              r7,r5,r6
   41 0000003C F04F 0002       MOV              r0,#0x02
   42 00000040 2F00            CMP              r7,#0x00
   43 00000042 D013            BEQ              matrixkeypad_searchRows_return
   44 00000044         
   45 00000044 F44F 1680       MOV              r6,#1 << 20
   46 00000048 EA05 0706       AND              r7,r5,r6
   47 0000004C F04F 0003       MOV              r0,#0x03
   48 00000050 2F00            CMP              r7,#0x00
   49 00000052 D00B            BEQ              matrixkeypad_searchRows_return
   50 00000054         
   51 00000054 4C1A            LDR              r4,=PIN0_ADDRESS
   52 00000056 6825            LDR              r5,[r4]



ARM Macro Assembler    Page 2 


   53 00000058         
   54 00000058 F44F 1600       MOV              r6,#1 << 21
   55 0000005C EA05 0706       AND              r7,r5,r6
   56 00000060 F04F 0004       MOV              r0,#0x04
   57 00000064 2F00            CMP              r7,#0x00
   58 00000066 D001            BEQ              matrixkeypad_searchRows_return
   59 00000068         
   60 00000068 F04F 0000       MOV              r0,#0x00
   61 0000006C         matrixkeypad_searchRows_return
   62 0000006C E8BD 4FF0       POP{r4-r11,lr}
   63 00000070 4770            BX               lr
   64 00000072                 ENDP
   65 00000072         MatrixKeypad_ChangeColumn
                               PROC
   66 00000072 E92D 4FF0       PUSH             {r4-r11,lr}
   67 00000076         
   68 00000076         ;If the given parameter is 1,you should change the first
                        column’s pin value to 0 and other columns’ pin values t
                       o 1.
   69 00000076         ;If the given parameter is 2,you should change the secon
                       d column’s pin value to 0 and other columns’ pin values 
                       to 1...
   70 00000076         
   71 00000076 4C12            LDR              r4,=PIN0_ADDRESS
   72 00000078 6825            LDR              r5,[r4]
   73 0000007A         
   74 0000007A 2801            CMP              r0,#0x01
   75 0000007C BF01            ITTTT            EQ
   76 0000007E F025 0501       ANDEQ            r5,#~(1 << 0)
   77 00000082 F045 0502       ORREQ            r5,# (1 << 1)
   78 00000086 F445 7500       ORREQ            r5,# (1 << 9)
   79 0000008A E011            BEQ              matrixkeypad_changecolumn_retur
n
   80 0000008C         
   81 0000008C 2802            CMP              r0,#0x02
   82 0000008E BF01            ITTTT            EQ
   83 00000090 F025 0502       ANDEQ            r5,#~(1 << 1)
   84 00000094 F045 0501       ORREQ            r5,# (1 << 0)
   85 00000098 F445 7500       ORREQ            r5,# (1 << 9)
   86 0000009C E008            BEQ              matrixkeypad_changecolumn_retur
n
   87 0000009E         
   88 0000009E 2803            CMP              r0,#0x03
   89 000000A0 BF01            ITTTT            EQ
   90 000000A2 F425 7500       ANDEQ            r5,#~(1 << 9)
   91 000000A6 F045 0501       ORREQ            r5,# (1 << 0)
   92 000000AA F045 0502       ORREQ            r5,# (1 << 1)
   93 000000AE E7FF            BEQ              matrixkeypad_changecolumn_retur
n
   94 000000B0         
   95 000000B0         matrixkeypad_changecolumn_return
   96 000000B0 6025            STR              r5,[r4]
   97 000000B2         
   98 000000B2 E8BD 4FF0       POP{r4-r11,lr}
   99 000000B6 4770            BX               lr
  100 000000B8                 ENDP
  101 000000B8                 ALIGN
  102 000000B8 20098000 
              20098034 



ARM Macro Assembler    Page 3 


              20098014 
              00000000         AREA             MatrixKeypadData, DATA, READONL
Y
  103 00000000 20098000 
                       DIR0_ADDRESS
                               EQU              0x20098000
  104 00000000 20098014 
                       PIN0_ADDRESS
                               EQU              0x20098014
  105 00000000 20098020 
                       DIR1_ADDRESS
                               EQU              0x20098020
  106 00000000 20098034 
                       PIN1_ADDRESS
                               EQU              0x20098034
  107 00000000                 ALIGN
  108 00000000                 END
Command Line: --debug --xref --diag_suppress=9931 --cpu=Cortex-M4.fp --apcs=int
erwork --depend=.\objects\matrixkeypadassembly.d -o.\objects\matrixkeypadassemb
ly.o -ID:\All_Courses\BOUN_Courses\Teaching_Assistants_Courses\CmpE_443_-_Princ
iples_Of_Embedded_Systems_Design_(2016_2017_001)\LAB_Projects\LAB_008\RTE -IC:\
Keil_v5\ARM\PACK\ARM\CMSIS\4.5.0\CMSIS\Include -IC:\Keil_v5\ARM\PACK\Keil\LPC40
00_DFP\1.1.0\Device\Include --predefine="__EVAL SETA 1" --predefine="__MICROLIB
 SETA 1" --predefine="__UVISION_VERSION SETA 520" --predefine="_RTE_ SETA 1" --
predefine="CORE_M4 SETA 1" --list=.\listings\matrixkeypadassembly.lst Library\M
atrixKeypadAssembly.s



ARM Macro Assembler    Page 1 Alphabetic symbol ordering
Relocatable symbols

MatrixKeypadCode 00000000

Symbol: MatrixKeypadCode
   Definitions
      At line 1 in file Library\MatrixKeypadAssembly.s
   Uses
      None
Comment: MatrixKeypadCode unused
MatrixKeypad_ChangeColumn 00000072

Symbol: MatrixKeypad_ChangeColumn
   Definitions
      At line 65 in file Library\MatrixKeypadAssembly.s
   Uses
      At line 4 in file Library\MatrixKeypadAssembly.s
Comment: MatrixKeypad_ChangeColumn used once
MatrixKeypad_Init 00000000

Symbol: MatrixKeypad_Init
   Definitions
      At line 7 in file Library\MatrixKeypadAssembly.s
   Uses
      At line 2 in file Library\MatrixKeypadAssembly.s
Comment: MatrixKeypad_Init used once
MatrixKeypad_SearchRows 0000001C

Symbol: MatrixKeypad_SearchRows
   Definitions
      At line 22 in file Library\MatrixKeypadAssembly.s
   Uses
      At line 3 in file Library\MatrixKeypadAssembly.s
Comment: MatrixKeypad_SearchRows used once
matrixkeypad_changecolumn_return 000000B0

Symbol: matrixkeypad_changecolumn_return
   Definitions
      At line 95 in file Library\MatrixKeypadAssembly.s
   Uses
      At line 79 in file Library\MatrixKeypadAssembly.s
      At line 86 in file Library\MatrixKeypadAssembly.s
      At line 93 in file Library\MatrixKeypadAssembly.s

matrixkeypad_searchRows_return 0000006C

Symbol: matrixkeypad_searchRows_return
   Definitions
      At line 61 in file Library\MatrixKeypadAssembly.s
   Uses
      At line 37 in file Library\MatrixKeypadAssembly.s
      At line 43 in file Library\MatrixKeypadAssembly.s
      At line 49 in file Library\MatrixKeypadAssembly.s
      At line 58 in file Library\MatrixKeypadAssembly.s

6 symbols



ARM Macro Assembler    Page 1 Alphabetic symbol ordering
Relocatable symbols

MatrixKeypadData 00000000

Symbol: MatrixKeypadData
   Definitions
      At line 102 in file Library\MatrixKeypadAssembly.s
   Uses
      None
Comment: MatrixKeypadData unused
1 symbol



ARM Macro Assembler    Page 1 Alphabetic symbol ordering
Absolute symbols

DIR0_ADDRESS 20098000

Symbol: DIR0_ADDRESS
   Definitions
      At line 103 in file Library\MatrixKeypadAssembly.s
   Uses
      At line 12 in file Library\MatrixKeypadAssembly.s
Comment: DIR0_ADDRESS used once
DIR1_ADDRESS 20098020

Symbol: DIR1_ADDRESS
   Definitions
      At line 105 in file Library\MatrixKeypadAssembly.s
   Uses
      None
Comment: DIR1_ADDRESS unused
PIN0_ADDRESS 20098014

Symbol: PIN0_ADDRESS
   Definitions
      At line 104 in file Library\MatrixKeypadAssembly.s
   Uses
      At line 51 in file Library\MatrixKeypadAssembly.s
      At line 71 in file Library\MatrixKeypadAssembly.s

PIN1_ADDRESS 20098034

Symbol: PIN1_ADDRESS
   Definitions
      At line 106 in file Library\MatrixKeypadAssembly.s
   Uses
      At line 30 in file Library\MatrixKeypadAssembly.s
Comment: PIN1_ADDRESS used once
4 symbols
349 symbols in table
